Archive member included because of file (symbol)

../../ArduinoCore/Release/\libArduinoCore.a(HardwareSerial.o)
                              ./libraries/SdFat/SdBaseFile.o (Serial)
../../ArduinoCore/Release/\libArduinoCore.a(Print.o)
                              ./libraries/SdFat/SdFile.o (vtable for Print)
../../ArduinoCore/Release/\libArduinoCore.a(WInterrupts.o)
                              ./main.o (attachInterrupt)
../../ArduinoCore/Release/\libArduinoCore.a(WString.o)
                              ../../ArduinoCore/Release/\libArduinoCore.a(Print.o) (String::operator[](unsigned int) const)
../../ArduinoCore/Release/\libArduinoCore.a(pins_arduino.o)
                              ./libraries/OneWire/OneWire.o (port_to_input_PGM)
../../ArduinoCore/Release/\libArduinoCore.a(wiring.o)
                              ./libraries/SdFat/Sd2Card.o (millis)
../../ArduinoCore/Release/\libArduinoCore.a(wiring_analog.o)
                              ./main.o (analogRead)
../../ArduinoCore/Release/\libArduinoCore.a(wiring_digital.o)
                              ./libraries/SdFat/Sd2Card.o (pinMode)
c:/winavr-20100110/bin/../lib/gcc/avr/4.3.3/avr6\libgcc.a(_mulsi3.o)
                              ./libraries/TimerOne/TimerOne.o (__mulsi3)
c:/winavr-20100110/bin/../lib/gcc/avr/4.3.3/avr6\libgcc.a(_udivmodqi4.o)
                              ./libraries/BufferedWriter/BufferedWriter.o (__udivmodqi4)
c:/winavr-20100110/bin/../lib/gcc/avr/4.3.3/avr6\libgcc.a(_udivmodhi4.o)
                              ./libraries/BufferedWriter/BufferedWriter.o (__udivmodhi4)
c:/winavr-20100110/bin/../lib/gcc/avr/4.3.3/avr6\libgcc.a(_udivmodsi4.o)
                              ./libraries/TimerOne/TimerOne.o (__udivmodsi4)
c:/winavr-20100110/bin/../lib/gcc/avr/4.3.3/avr6\libgcc.a(_divmodsi4.o)
                              ./main.o (__divmodsi4)
c:/winavr-20100110/bin/../lib/gcc/avr/4.3.3/avr6\libgcc.a(_exit.o)
                              c:/winavr-20100110/bin/../lib/gcc/avr/4.3.3/../../../../avr/lib/avr6/crtm2560.o (exit)
c:/winavr-20100110/bin/../lib/gcc/avr/4.3.3/avr6\libgcc.a(_clear_bss.o)
                              ./libraries/TimerOne/TimerOne.o (__do_clear_bss)
c:/winavr-20100110/bin/../lib/gcc/avr/4.3.3/avr6\libgcc.a(_ctors.o)
                              ./main.o (__do_global_ctors)
c:/winavr-20100110/bin/../lib/gcc/avr/4.3.3/avr6\libgcc.a(_dtors.o)
                              ./main.o (__do_global_dtors)
c:/winavr-20100110/bin/../lib/gcc/avr/4.3.3/avr6\libgcc.a(_fixunssfsi.o)
                              ./libraries/SdFat/ostream.o (__fixunssfsi)
c:/winavr-20100110/bin/../lib/gcc/avr/4.3.3/avr6\libgcc.a(_addsub_sf.o)
                              ./libraries/SdFat/ostream.o (__subsf3)
c:/winavr-20100110/bin/../lib/gcc/avr/4.3.3/avr6\libgcc.a(_mul_sf.o)
                              ./libraries/SdFat/istream.o (__mulsf3)
c:/winavr-20100110/bin/../lib/gcc/avr/4.3.3/avr6\libgcc.a(_div_sf.o)
                              ./libraries/SdFat/istream.o (__divsf3)
c:/winavr-20100110/bin/../lib/gcc/avr/4.3.3/avr6\libgcc.a(_eq_sf.o)
                              ./main.o (__eqsf2)
c:/winavr-20100110/bin/../lib/gcc/avr/4.3.3/avr6\libgcc.a(_gt_sf.o)
                              ./libraries/SdFat/istream.o (__gtsf2)
c:/winavr-20100110/bin/../lib/gcc/avr/4.3.3/avr6\libgcc.a(_ge_sf.o)
                              ./main.o (__gesf2)
c:/winavr-20100110/bin/../lib/gcc/avr/4.3.3/avr6\libgcc.a(_lt_sf.o)
                              ./libraries/SdFat/istream.o (__ltsf2)
c:/winavr-20100110/bin/../lib/gcc/avr/4.3.3/avr6\libgcc.a(_si_to_sf.o)
                              ./libraries/SdFat/ostream.o (__floatsisf)
c:/winavr-20100110/bin/../lib/gcc/avr/4.3.3/avr6\libgcc.a(_sf_to_si.o)
                              ./libraries/SdFat/ostream.o (__fixsfsi)
c:/winavr-20100110/bin/../lib/gcc/avr/4.3.3/avr6\libgcc.a(_thenan_sf.o)
                              c:/winavr-20100110/bin/../lib/gcc/avr/4.3.3/avr6\libgcc.a(_addsub_sf.o) (__thenan_sf)
c:/winavr-20100110/bin/../lib/gcc/avr/4.3.3/avr6\libgcc.a(_usi_to_sf.o)
                              ./libraries/SdFat/istream.o (__floatunsisf)
c:/winavr-20100110/bin/../lib/gcc/avr/4.3.3/avr6\libgcc.a(_prologue.o)
                              c:/winavr-20100110/bin/../lib/gcc/avr/4.3.3/avr6\libgcc.a(_addsub_sf.o) (__prologue_saves__)
c:/winavr-20100110/bin/../lib/gcc/avr/4.3.3/avr6\libgcc.a(_epilogue.o)
                              c:/winavr-20100110/bin/../lib/gcc/avr/4.3.3/avr6\libgcc.a(_addsub_sf.o) (__epilogue_restores__)
c:/winavr-20100110/bin/../lib/gcc/avr/4.3.3/avr6\libgcc.a(_tablejump.o)
                              c:/winavr-20100110/bin/../lib/gcc/avr/4.3.3/avr6\libgcc.a(_ctors.o) (__tablejump__)
c:/winavr-20100110/bin/../lib/gcc/avr/4.3.3/avr6\libgcc.a(_clzsi2.o)
                              c:/winavr-20100110/bin/../lib/gcc/avr/4.3.3/avr6\libgcc.a(_si_to_sf.o) (__clzsi2)
c:/winavr-20100110/bin/../lib/gcc/avr/4.3.3/avr6\libgcc.a(_pack_sf.o)
[...]
Memory Configuration

Name             Origin             Length             Attributes
text             0x00000000         0x00100000         xr
data             0x00800200         0x0000fe00         rw !x
eeprom           0x00810000         0x00010000         rw !x
fuse             0x00820000         0x00000400         rw !x
lock             0x00830000         0x00000400         rw !x
signature        0x00840000         0x00000400         rw !x
*default*        0x00000000         0xffffffff

Linker script and memory map

Address of section .data set to 0x800200
LOAD c:/winavr-20100110/bin/../lib/gcc/avr/4.3.3/../../../../avr/lib/avr6/crtm2560.o
LOAD ./libraries/TimerOne/TimerOne.o
LOAD ./libraries/SdFat/Sd2Card.o
LOAD ./libraries/SdFat/SdBaseFile.o
LOAD ./libraries/SdFat/SdFat.o
LOAD ./libraries/SdFat/SdFatUtil.o
LOAD ./libraries/SdFat/SdFile.o
LOAD ./libraries/SdFat/SdStream.o
LOAD ./libraries/SdFat/SdVolume.o
LOAD ./libraries/SdFat/istream.o
LOAD ./libraries/SdFat/ostream.o
LOAD ./libraries/OneWire/OneWire.o
LOAD ./libraries/LiquidCrystal/LiquidCrystal.o
LOAD ./libraries/DallasTemperature/DallasTemperature.o
LOAD ./libraries/BufferedWriter/BufferedWriter.o
LOAD ./main.o
LOAD ../../ArduinoCore/Release/\libArduinoCore.a
LOAD c:/winavr-20100110/bin/../lib/gcc/avr/4.3.3/avr6\libgcc.a
LOAD c:/winavr-20100110/bin/../lib/gcc/avr/4.3.3/../../../../avr/lib/avr6\libm.a
LOAD c:/winavr-20100110/bin/../lib/gcc/avr/4.3.3/avr6\libgcc.a
LOAD c:/winavr-20100110/bin/../lib/gcc/avr/4.3.3/../../../../avr/lib/avr6\libc.a
LOAD c:/winavr-20100110/bin/../lib/gcc/avr/4.3.3/avr6\libgcc.a

.hash
 *(.hash)

.dynsym
 *(.dynsym)

.dynstr
 *(.dynstr)

.gnu.version
 *(.gnu.version)

.gnu.version_d
 *(.gnu.version_d)

.gnu.version_r
 *(.gnu.version_r)

.rel.init
 *(.rel.init)

.rela.init
 *(.rela.init)

.rel.text
 *(.rel.text)
 *(.rel.text.*)
 *(.rel.gnu.linkonce.t*)

.rela.text
 *(.rela.text)
 *(.rela.text.*)
 *(.rela.gnu.linkonce.t*)

.rel.fini
 *(.rel.fini)

.rela.fini
 *(.rela.fini)

.rel.rodata
 *(.rel.rodata)
 *(.rel.rodata.*)
 *(.rel.gnu.linkonce.r*)

.rela.rodata
 *(.rela.rodata)
 *(.rela.rodata.*)
 *(.rela.gnu.linkonce.r*)

.rel.data
 *(.rel.data)
 *(.rel.data.*)
 *(.rel.gnu.linkonce.d*)

.rela.data
 *(.rela.data)
 *(.rela.data.*)
 *(.rela.gnu.linkonce.d*)

.rel.ctors
 *(.rel.ctors)

.rela.ctors
 *(.rela.ctors)

.rel.dtors
 *(.rel.dtors)

.rela.dtors
 *(.rela.dtors)

.rel.got
 *(.rel.got)

.rela.got
 *(.rela.got)

.rel.bss
 *(.rel.bss)

.rela.bss
 *(.rela.bss)

.rel.plt
 *(.rel.plt)

.rela.plt
 *(.rela.plt)

.text           0x00000000     0x88fa
 *(.vectors)
 .vectors       0x00000000       0xe4 c:/winavr-20100110/bin/../lib/gcc/avr/4.3.3/../../../../avr/lib/avr6/crtm2560.o
                0x00000000                __vectors
                0x00000000                __vector_default
 *(.vectors)
 *(.progmem.gcc*)
 *(.progmem*)
 .progmem.data  0x000000e4       0x10 ./libraries/SdFat/SdBaseFile.o
 .progmem.data  0x000000f4      0x100 ./libraries/OneWire/OneWire.o
 .progmem.data  0x000001f4      0x120 ../../ArduinoCore/Release/\libArduinoCore.a(pins_arduino.o)
                0x000001f4                port_to_mode_PGM
                0x00000242                digital_pin_to_port_PGM
                0x00000288                digital_pin_to_bit_mask_PGM
                0x0000020e                port_to_output_PGM
                0x00000228                port_to_input_PGM
                0x000002ce                digital_pin_to_timer_PGM
                0x00000314                . = ALIGN (0x2)
                0x00000314                __trampolines_start = .
 *(.trampolines)
 .trampolines   0x00000314        0x0 linker stubs
 *(.trampolines*)
                0x00000314                __trampolines_end = .
 *(.jumptables)
 *(.jumptables*)
 *(.lowtext)
 *(.lowtext*)
                0x00000314                __ctors_start = .
 *(.ctors)
 .ctors         0x00000314        0x2 ./main.o
 .ctors         0x00000316        0x2 ../../ArduinoCore/Release/\libArduinoCore.a(HardwareSerial.o)
                0x00000318                __ctors_end = .
                0x00000318                __dtors_start = .
 *(.dtors)
 .dtors         0x00000318        0x2 ./main.o
 .dtors         0x0000031a        0x2 ../../ArduinoCore/Release/\libArduinoCore.a(HardwareSerial.o)
                0x0000031c                __dtors_end = .
 SORT(*)(.ctors)
 SORT(*)(.dtors)
 *(.init0)
 .init0         0x0000031c        0x0 c:/winavr-20100110/bin/../lib/gcc/avr/4.3.3/../../../../avr/lib/avr6/crtm2560.o
                0x0000031c                __init
 *(.init0)
 *(.init1)
 *(.init1)
 *(.init2)
 .init2         0x0000031c       0x10 c:/winavr-20100110/bin/../lib/gcc/avr/4.3.3/../../../../avr/lib/avr6/crtm2560.o
 *(.init2)
 *(.init3)
 *(.init3)
 *(.init4)
 .init4         0x0000032c       0x1a c:/winavr-20100110/bin/../lib/gcc/avr/4.3.3/../../../../avr/lib/avr6/crtm2560.o
                0x0000032c                __do_copy_data
 .init4         0x00000346       0x10 c:/winavr-20100110/bin/../lib/gcc/avr/4.3.3/avr6\libgcc.a(_clear_bss.o)
                0x00000346                __do_clear_bss
 *(.init4)
 *(.init5)
 *(.init5)
 *(.init6)
 .init6         0x00000356       0x16 c:/winavr-20100110/bin/../lib/gcc/avr/4.3.3/avr6\libgcc.a(_ctors.o)
                0x00000356                __do_global_ctors
 *(.init6)
 *(.init7)
 *(.init7)
 *(.init8)
 *(.init8)
 *(.init9)
 .init9         0x0000036c        0x8 c:/winavr-20100110/bin/../lib/gcc/avr/4.3.3/../../../../avr/lib/avr6/crtm2560.o
 *(.init9)
 *(.text)
 .text          0x00000374        0x4 c:/winavr-20100110/bin/../lib/gcc/avr/4.3.3/../../../../avr/lib/avr6/crtm2560.o
                0x00000374                __vector_38
                0x00000374                __vector_22
                0x00000374                __vector_28
                0x00000374                __vector_32
                0x00000374                __vector_34
                0x00000374                __vector_24
                0x00000374                __vector_12
                0x00000374                __vector_55
                0x00000374                __vector_46
                0x00000374                __bad_interrupt
                0x00000374                __vector_31
                0x00000374                __vector_35
                0x00000374                __vector_39
                0x00000374                __vector_30
                0x00000374                __vector_45
                0x00000374                __vector_11
                0x00000374                __vector_13
                0x00000374                __vector_17
                0x00000374                __vector_19
                0x00000374                __vector_56
                0x00000374                __vector_49
                0x00000374                __vector_41
                0x00000374                __vector_43
                0x00000374                __vector_27
                0x00000374                __vector_33
                0x00000374                __vector_47
                0x00000374                __vector_52
                0x00000374                __vector_37
                0x00000374                __vector_44
                0x00000374                __vector_9
                0x00000374                __vector_21
                0x00000374                __vector_15
                0x00000374                __vector_29
                0x00000374                __vector_40
                0x00000374                __vector_26
                0x00000374                __vector_48
                0x00000374                __vector_14
                0x00000374                __vector_53
                0x00000374                __vector_10
                0x00000374                __vector_50
                0x00000374                __vector_16
                0x00000374                __vector_18
                0x00000374                __vector_42
 .text          0x00000378       0x58 c:/winavr-20100110/bin/../lib/gcc/avr/4.3.3/avr6\libgcc.a(_fixunssfsi.o)
                0x00000378                __fixunssfsi
 .text          0x000003d0      0x354 c:/winavr-20100110/bin/../lib/gcc/avr/4.3.3/avr6\libgcc.a(_addsub_sf.o)
                0x00000668                __subsf3
                0x000006ca                __addsf3
 .text          0x00000724      0x1f4 c:/winavr-20100110/bin/../lib/gcc/avr/4.3.3/avr6\libgcc.a(_mul_sf.o)
                0x00000724                __mulsf3
 .text          0x00000918      0x158 c:/winavr-20100110/bin/../lib/gcc/avr/4.3.3/avr6\libgcc.a(_div_sf.o)
                0x00000918                __divsf3
 .text          0x00000a70       0x60 c:/winavr-20100110/bin/../lib/gcc/avr/4.3.3/avr6\libgcc.a(_eq_sf.o)
                0x00000a70                __eqsf2
 .text          0x00000ad0       0x60 c:/winavr-20100110/bin/../lib/gcc/avr/4.3.3/avr6\libgcc.a(_gt_sf.o)
                0x00000ad0                __gtsf2
 .text          0x00000b30       0x60 c:/winavr-20100110/bin/../lib/gcc/avr/4.3.3/avr6\libgcc.a(_ge_sf.o)
                0x00000b30                __gesf2
 .text          0x00000b90       0x60 c:/winavr-20100110/bin/../lib/gcc/avr/4.3.3/avr6\libgcc.a(_lt_sf.o)
                0x00000b90                __ltsf2
 .text          0x00000bf0       0xbc c:/winavr-20100110/bin/../lib/gcc/avr/4.3.3/avr6\libgcc.a(_si_to_sf.o)
                0x00000bf0                __floatsisf
 .text          0x00000cac       0xa8 c:/winavr-20100110/bin/../lib/gcc/avr/4.3.3/avr6\libgcc.a(_sf_to_si.o)
                0x00000cac                __fixsfsi
 .text          0x00000d54       0xf2 c:/winavr-20100110/bin/../lib/gcc/avr/4.3.3/avr6\libgcc.a(_usi_to_sf.o)
                0x00000d54                __floatunsisf
 .text          0x00000e46       0x9e c:/winavr-20100110/bin/../lib/gcc/avr/4.3.3/avr6\libgcc.a(_clzsi2.o)
                0x00000e46                __clzsi2
 .text          0x00000ee4      0x1aa c:/winavr-20100110/bin/../lib/gcc/avr/4.3.3/avr6\libgcc.a(_pack_sf.o)
                0x00000ee4                __pack_f
 .text          0x0000108e       0xf0 c:/winavr-20100110/bin/../lib/gcc/avr/4.3.3/avr6\libgcc.a(_unpack_sf.o)
                0x0000108e                __unpack_f
 .text          0x0000117e       0xb2 c:/winavr-20100110/bin/../lib/gcc/avr/4.3.3/avr6\libgcc.a(_fpcmp_parts_sf.o)
                0x0000117e                __fpcmp_parts_f
                0x00001230                . = ALIGN (0x2)
 *(.text.*)
 .text.__vector_20
                0x00001230       0x56 ./libraries/TimerOne/TimerOne.o
                0x00001230                __vector_20
 .text._ZN8TimerOne9setPeriodEl
                0x00001286       0xde ./libraries/TimerOne/TimerOne.o
                0x00001286                TimerOne::setPeriod(long)
 .text._ZN8TimerOne10initializeEl
                0x00001364       0x10 ./libraries/TimerOne/TimerOne.o
                0x00001364                TimerOne::initialize(long)
 .text._ZN8TimerOne15attachInterruptEPFvvEl
                0x00001374       0x40 ./libraries/TimerOne/TimerOne.o
                0x00001374                TimerOne::attachInterrupt(void (*)(), long)
 .text._ZN8TimerOne15detachInterruptEv
                0x000013b4        0xc ./libraries/TimerOne/TimerOne.o
                0x000013b4                TimerOne::detachInterrupt()
 .text._ZL6spiRecv
                0x000013c0       0x20 ./libraries/SdFat/Sd2Card.o
 .text._ZL7spiSendh
                0x000013e0       0x2a ./libraries/SdFat/Sd2Card.o
 .text._Z12spiSendBlockhPKh
                0x0000140a       0x32 ./libraries/SdFat/Sd2Card.o
                0x0000140a                spiSendBlock(unsigned char, unsigned char const*)
 .text._ZN7Sd2Card11waitNotBusyEj
                0x0000143c       0x38 ./libraries/SdFat/Sd2Card.o
                0x0000143c                Sd2Card::waitNotBusy(unsigned int)
 .text._ZN7Sd2Card13chipSelectLowEv
                0x00001474        0xc ./libraries/SdFat/Sd2Card.o
                0x00001474                Sd2Card::chipSelectLow()
 .text._ZN7Sd2Card11cardCommandEhm
                0x00001480       0x9a ./libraries/SdFat/Sd2Card.o
                0x00001480                Sd2Card::cardCommand(unsigned char, unsigned long)
 .text._ZN7Sd2Card14chipSelectHighEv
                0x0000151a       0x12 ./libraries/SdFat/Sd2Card.o
                0x0000151a                Sd2Card::chipSelectHigh()
 .text._ZN7Sd2Card9writeDataEhPKh
                0x0000152c       0x3c ./libraries/SdFat/Sd2Card.o
                0x0000152c                Sd2Card::writeData(unsigned char, unsigned char const*)
 .text._ZN7Sd2Card10writeBlockEmPKh
                0x00001568       0xa4 ./libraries/SdFat/Sd2Card.o
                0x00001568                Sd2Card::writeBlock(unsigned long, unsigned char const*)
 .text._ZN7Sd2Card8readDataEPhj
                0x0000160c       0x8c ./libraries/SdFat/Sd2Card.o
                0x0000160c                Sd2Card::readData(unsigned char*, unsigned int)
 .text._ZN7Sd2Card9readBlockEmPh
                0x00001698       0x68 ./libraries/SdFat/Sd2Card.o
                0x00001698                Sd2Card::readBlock(unsigned long, unsigned char*)
 .text._ZN7Sd2Card4initEhh
                0x00001700      0x15c ./libraries/SdFat/Sd2Card.o
                0x00001700                Sd2Card::init(unsigned char, unsigned char)
 .text._ZN10SdBaseFile10make83NameEPKcPhPS1_
                0x0000185c       0x9c ./libraries/SdFat/SdBaseFile.o
                0x0000185c                SdBaseFile::make83Name(char const*, unsigned char*, char const**)
 .text._ZN10SdBaseFile7seekSetEm
                0x000018f8      0x152 ./libraries/SdFat/SdBaseFile.o
                0x000018f8                SdBaseFile::seekSet(unsigned long)
 .text._ZN10SdBaseFile13cacheDirEntryEh
                0x00001a4a       0x42 ./libraries/SdFat/SdBaseFile.o
                0x00001a4a                SdBaseFile::cacheDirEntry(unsigned char)
 .text._ZN10SdBaseFile4syncEv
                0x00001a8c       0xa0 ./libraries/SdFat/SdBaseFile.o
                0x00001a8c                SdBaseFile::sync()
 .text._ZN10SdBaseFile5closeEv
                0x00001b2c       0x14 ./libraries/SdFat/SdBaseFile.o
                0x00001b2c                SdBaseFile::close()
 .text._ZN10SdBaseFileD1Ev
                0x00001b40       0x10 ./libraries/SdFat/SdBaseFile.o
                0x00001b40                SdBaseFile::~SdBaseFile()
 .text._ZN10SdBaseFile8truncateEm
                0x00001b50      0x19a ./libraries/SdFat/SdBaseFile.o
                0x00001b50                SdBaseFile::truncate(unsigned long)
 .text._ZN10SdBaseFile4readEPvj
                0x00001cea      0x20a ./libraries/SdFat/SdBaseFile.o
                0x00001cea                SdBaseFile::read(void*, unsigned int)
 .text._ZN10SdBaseFile4readEv
                0x00001ef4       0x32 ./libraries/SdFat/SdBaseFile.o
                0x00001ef4                SdBaseFile::read()
 .text._ZN10SdBaseFile12readDirCacheEv
                0x00001f26       0x76 ./libraries/SdFat/SdBaseFile.o
                0x00001f26                SdBaseFile::readDirCache()
 .text._ZN10SdBaseFile8openRootEP8SdVolume
                0x00001f9c       0xa6 ./libraries/SdFat/SdBaseFile.o
                0x00001f9c                SdBaseFile::openRoot(SdVolume*)
 .text._ZN10SdBaseFile15openCachedEntryEhh
                0x00002042      0x112 ./libraries/SdFat/SdBaseFile.o
                0x00002042                SdBaseFile::openCachedEntry(unsigned char, unsigned char)
 .text._ZN10SdBaseFile10addClusterEv
                0x00002154       0x4e ./libraries/SdFat/SdBaseFile.o
                0x00002154                SdBaseFile::addCluster()
 .text._ZN10SdBaseFile5writeEPKvj
                0x000021a2      0x362 ./libraries/SdFat/SdBaseFile.o
                0x000021a2                SdBaseFile::write(void const*, unsigned int)
 .text._ZN10SdBaseFile13addDirClusterEv
                0x00002504      0x118 ./libraries/SdFat/SdBaseFile.o
                0x00002504                SdBaseFile::addDirCluster()
 .text._ZN10SdBaseFile4openEPS_PKhh
                0x0000261c      0x198 ./libraries/SdFat/SdBaseFile.o
                0x0000261c                SdBaseFile::open(SdBaseFile*, unsigned char const*, unsigned char)
 .text._ZN10SdBaseFile4openEPS_PKch
                0x000027b4      0x1a4 ./libraries/SdFat/SdBaseFile.o
                0x000027b4                SdBaseFile::open(SdBaseFile*, char const*, unsigned char)
 .text._ZN10SdBaseFile4openEPKch
                0x00002958       0x14 ./libraries/SdFat/SdBaseFile.o
                0x00002958                SdBaseFile::open(char const*, unsigned char)
 .text._ZN10SdBaseFile6existsEPKc
                0x0000296c       0x54 ./libraries/SdFat/SdBaseFile.o
                0x0000296c                SdBaseFile::exists(char const*)
 .text._ZN5SdFat6existsEPKc
                0x000029c0        0x8 ./libraries/SdFat/SdFat.o
                0x000029c0                SdFat::exists(char const*)
 .text._ZN5SdFat5chdirEb
                0x000029c8       0x3a ./libraries/SdFat/SdFat.o
                0x000029c8                SdFat::chdir(bool)
 .text._ZN5SdFat4initEhh
                0x00002a02       0x50 ./libraries/SdFat/SdFat.o
                0x00002a02                SdFat::init(unsigned char, unsigned char)
 .text._ZN6SdFileD0Ev
                0x00002a52       0x28 ./libraries/SdFat/SdFile.o
                0x00002a52                SdFile::~SdFile()
 .text._ZN6SdFileD1Ev
                0x00002a7a       0x1a ./libraries/SdFat/SdFile.o
                0x00002a7a                SdFile::~SdFile()
 .text._ZN6SdFile5writeEPKc
                0x00002a94       0x18 ./libraries/SdFat/SdFile.o
                0x00002a94                SdFile::write(char const*)
 .text._ZN6SdFile5writeEh
                0x00002aac       0x24 ./libraries/SdFat/SdFile.o
                0x00002aac                SdFile::write(unsigned char)
 .text._ZN6SdFile5writeEPKvj
                0x00002ad0        0x8 ./libraries/SdFat/SdFile.o
                0x00002ad0                SdFile::write(void const*, unsigned int)
 .text._ZN8SdVolume10cacheFlushEv
                0x00002ad8       0x76 ./libraries/SdFat/SdVolume.o
                0x00002ad8                SdVolume::cacheFlush()
 .text._ZN8SdVolume13cacheRawBlockEmb
                0x00002b4e       0x78 ./libraries/SdFat/SdVolume.o
                0x00002b4e                SdVolume::cacheRawBlock(unsigned long, bool)
 .text._ZN8SdVolume4initEP7Sd2Cardh
                0x00002bc6      0x2ce ./libraries/SdFat/SdVolume.o
                0x00002bc6                SdVolume::init(Sd2Card*, unsigned char)
 .text._ZN8SdVolume6fatPutEmm
                0x00002e94      0x10e ./libraries/SdFat/SdVolume.o
                0x00002e94                SdVolume::fatPut(unsigned long, unsigned long)
 .text._ZN8SdVolume6fatGetEmPm
                0x00002fa2       0xec ./libraries/SdFat/SdVolume.o
                0x00002fa2                SdVolume::fatGet(unsigned long, unsigned long*)
 .text._ZN8SdVolume9freeChainEm
                0x0000308e       0xbc ./libraries/SdFat/SdVolume.o
                0x0000308e                SdVolume::freeChain(unsigned long)
 .text._ZN8SdVolume9chainSizeEmPm
                0x0000314a       0xd8 ./libraries/SdFat/SdVolume.o
                0x0000314a                SdVolume::chainSize(unsigned long, unsigned long*)
 .text._ZN8SdVolume15allocContiguousEmPm
                0x00003222      0x21e ./libraries/SdFat/SdVolume.o
                0x00003222                SdVolume::allocContiguous(unsigned long, unsigned long*)
 .text._ZN7OneWire12reset_searchEv
                0x00003440       0x1a ./libraries/OneWire/OneWire.o
                0x00003440                OneWire::reset_search()
 .text._ZN7OneWire4crc8EPhh
                0x0000345a       0x22 ./libraries/OneWire/OneWire.o
                0x0000345a                OneWire::crc8(unsigned char*, unsigned char)
 .text._ZN7OneWire8read_bitEv
                0x0000347c       0x68 ./libraries/OneWire/OneWire.o
                0x0000347c                OneWire::read_bit()
 .text._ZN7OneWire4readEv
                0x000034e4       0x3a ./libraries/OneWire/OneWire.o
                0x000034e4                OneWire::read()
 .text._ZN7OneWire9write_bitEh
                0x0000351e       0x68 ./libraries/OneWire/OneWire.o
                0x0000351e                OneWire::write_bit(unsigned char)
 .text._ZN7OneWire5writeEhh
                0x00003586       0x80 ./libraries/OneWire/OneWire.o
                0x00003586                OneWire::write(unsigned char, unsigned char)
 .text._ZN7OneWire4skipEv
                0x00003606        0xa ./libraries/OneWire/OneWire.o
                0x00003606                OneWire::skip()
 .text._ZN7OneWire6selectEPh
                0x00003610       0x42 ./libraries/OneWire/OneWire.o
                0x00003610                OneWire::select(unsigned char*)
 .text._ZN7OneWire5resetEv
                0x00003652       0x96 ./libraries/OneWire/OneWire.o
                0x00003652                OneWire::reset()
 .text._ZN7OneWire6searchEPh
                0x000036e8      0x12c ./libraries/OneWire/OneWire.o
                0x000036e8                OneWire::search(unsigned char*)
 .text._ZN7OneWireC1Eh
                0x00003814       0x50 ./libraries/OneWire/OneWire.o
                0x00003814                OneWire::OneWire(unsigned char)
 .text._ZN13LiquidCrystalD1Ev
                0x00003864        0xc ./libraries/LiquidCrystal/LiquidCrystal.o
                0x00003864                LiquidCrystal::~LiquidCrystal()
 .text._ZN13LiquidCrystalD0Ev
                0x00003870       0x12 ./libraries/LiquidCrystal/LiquidCrystal.o
                0x00003870                LiquidCrystal::~LiquidCrystal()
 .text._ZN13LiquidCrystal11pulseEnableEv
                0x00003882       0x42 ./libraries/LiquidCrystal/LiquidCrystal.o
                0x00003882                LiquidCrystal::pulseEnable()
 .text._ZN13LiquidCrystal10write8bitsEh
                0x000038c4       0x6c ./libraries/LiquidCrystal/LiquidCrystal.o
                0x000038c4                LiquidCrystal::write8bits(unsigned char)
 .text._ZN13LiquidCrystal10write4bitsEh
                0x00003930       0x6c ./libraries/LiquidCrystal/LiquidCrystal.o
                0x00003930                LiquidCrystal::write4bits(unsigned char)
 .text._ZN13LiquidCrystal4sendEhh
                0x0000399c       0x52 ./libraries/LiquidCrystal/LiquidCrystal.o
                0x0000399c                LiquidCrystal::send(unsigned char, unsigned char)
 .text._ZN13LiquidCrystal5writeEh
                0x000039ee        0x8 ./libraries/LiquidCrystal/LiquidCrystal.o
                0x000039ee                LiquidCrystal::write(unsigned char)
 .text._ZN13LiquidCrystal7commandEh
                0x000039f6        0x8 ./libraries/LiquidCrystal/LiquidCrystal.o
                0x000039f6                LiquidCrystal::command(unsigned char)
 .text._ZN13LiquidCrystal7displayEv
                0x000039fe       0x14 ./libraries/LiquidCrystal/LiquidCrystal.o
                0x000039fe                LiquidCrystal::display()
 .text._ZN13LiquidCrystal9setCursorEhh
                0x00003a12       0x5e ./libraries/LiquidCrystal/LiquidCrystal.o
                0x00003a12                LiquidCrystal::setCursor(unsigned char, unsigned char)
 .text._ZN13LiquidCrystal5clearEv
                0x00003a70       0x10 ./libraries/LiquidCrystal/LiquidCrystal.o
                0x00003a70                LiquidCrystal::clear()
 .text._ZN13LiquidCrystal5beginEhhh
                0x00003a80       0xde ./libraries/LiquidCrystal/LiquidCrystal.o
                0x00003a80                LiquidCrystal::begin(unsigned char, unsigned char, unsigned char)
 .text._ZN13LiquidCrystal4initEhhhhhhhhhhhh
                0x00003b5e       0x8e ./libraries/LiquidCrystal/LiquidCrystal.o
                0x00003b5e                LiquidCrystal::init(unsigned char, unsigned char, unsigned char, unsigned char, unsigned char, unsigned char, unsigned char, unsigned char, unsigned char, unsigned char, unsigned char, unsigned char)
 .text._ZN13LiquidCrystalC1Ehhhhhh
                0x00003bec       0x6a ./libraries/LiquidCrystal/LiquidCrystal.o
                0x00003bec                LiquidCrystal::LiquidCrystal(unsigned char, unsigned char, unsigned char, unsigned char, unsigned char, unsigned char)
 .text._ZN17DallasTemperatureC1EP7OneWire
                0x00003c56       0x20 ./libraries/DallasTemperature/DallasTemperature.o
                0x00003c56                DallasTemperature::DallasTemperature(OneWire*)
 .text._ZN17DallasTemperature20setWaitForConversionEb
                0x00003c76        0x6 ./libraries/DallasTemperature/DallasTemperature.o
                0x00003c76                DallasTemperature::setWaitForConversion(bool)
 .text._ZN17DallasTemperature20calculateTemperatureEPhS0_
                0x00003c7c      0x170 ./libraries/DallasTemperature/DallasTemperature.o
                0x00003c7c                DallasTemperature::calculateTemperature(unsigned char*, unsigned char*)
 .text._ZN17DallasTemperature19defaultAlarmHandlerEPh
                0x00003dec        0x2 ./libraries/DallasTemperature/DallasTemperature.o
                0x00003dec                DallasTemperature::defaultAlarmHandler(unsigned char*)
 .text._ZN17DallasTemperature15readPowerSupplyEPh
                0x00003dee       0x58 ./libraries/DallasTemperature/DallasTemperature.o
                0x00003dee                DallasTemperature::readPowerSupply(unsigned char*)
 .text._ZN17DallasTemperature19requestTemperaturesEv
                0x00003e46       0x76 ./libraries/DallasTemperature/DallasTemperature.o
                0x00003e46                DallasTemperature::requestTemperatures()
 .text._ZN17DallasTemperature14readScratchPadEPhS0_
                0x00003ebc       0xcc ./libraries/DallasTemperature/DallasTemperature.o
                0x00003ebc                DallasTemperature::readScratchPad(unsigned char*, unsigned char*)
 .text._ZN17DallasTemperature11isConnectedEPhS0_
                0x00003f88       0x26 ./libraries/DallasTemperature/DallasTemperature.o
                0x00003f88                DallasTemperature::isConnected(unsigned char*, unsigned char*)
 .text._ZN17DallasTemperature8getTempCEPh
                0x00003fae       0x68 ./libraries/DallasTemperature/DallasTemperature.o
                0x00003fae                DallasTemperature::getTempC(unsigned char*)
 .text._ZN17DallasTemperature13getResolutionEPh
                0x00004016       0x6c ./libraries/DallasTemperature/DallasTemperature.o
                0x00004016                DallasTemperature::getResolution(unsigned char*)
 .text._ZN17DallasTemperature12validAddressEPh
                0x00004082       0x22 ./libraries/DallasTemperature/DallasTemperature.o
                0x00004082                DallasTemperature::validAddress(unsigned char*)
 .text._ZN17DallasTemperature10getAddressEPhh
                0x000040a4       0x5c ./libraries/DallasTemperature/DallasTemperature.o
                0x000040a4                DallasTemperature::getAddress(unsigned char*, unsigned char)
 .text._ZN17DallasTemperature5beginEv
                0x00004100       0xe4 ./libraries/DallasTemperature/DallasTemperature.o
                0x00004100                DallasTemperature::begin()
 .text._ZN14BufferedWriter8writeBufEv
                0x000041e4       0x2a ./libraries/BufferedWriter/BufferedWriter.o
                0x000041e4                BufferedWriter::writeBuf()
 .text._ZN14BufferedWriter7putCharEc
                0x0000420e       0x38 ./libraries/BufferedWriter/BufferedWriter.o
                0x0000420e                BufferedWriter::putChar(char)
 .text._ZN14BufferedWriter6putStrEPc
                0x00004246       0x26 ./libraries/BufferedWriter/BufferedWriter.o
                0x00004246                BufferedWriter::putStr(char*)
 .text._ZN14BufferedWriter6putNumEh
                0x0000426c       0x56 ./libraries/BufferedWriter/BufferedWriter.o
                0x0000426c                BufferedWriter::putNum(unsigned char)
 .text._ZN14BufferedWriter6putNumEj
                0x000042c2       0xba ./libraries/BufferedWriter/BufferedWriter.o
                0x000042c2                BufferedWriter::putNum(unsigned int)
 .text._ZN14BufferedWriter6putNumEi
                0x0000437c       0x2e ./libraries/BufferedWriter/BufferedWriter.o
                0x0000437c                BufferedWriter::putNum(int)
 .text._ZN14BufferedWriter6putNumEm
                0x000043aa      0x12c ./libraries/BufferedWriter/BufferedWriter.o
                0x000043aa                BufferedWriter::putNum(unsigned long)
 .text._ZN14BufferedWriter6putNumEl
                0x000044d6       0x44 ./libraries/BufferedWriter/BufferedWriter.o
                0x000044d6                BufferedWriter::putNum(long)
 .text.__cxa_pure_virtual
                0x0000451a        0x4 ./main.o
                0x0000451a                __cxa_pure_virtual
 .text._Z9menu_nextv
                0x0000451e       0x30 ./main.o
                0x0000451e                menu_next()
 .text._Z9menu_prevv
                0x0000454e       0x30 ./main.o
                0x0000454e                menu_prev()
 .text._Z13hydrogen_massfl
                0x0000457e       0xc6 ./main.o
                0x0000457e                hydrogen_mass(float, long)
 .text._Z18p_controller_inputl
                0x00004644       0xfe ./main.o
                0x00004644                p_controller_input(long)
 .text._Z10soc_by_ocvl
                0x00004742      0x1aa ./main.o
                0x00004742                soc_by_ocv(long)
 .text._Z12soc_init_valv
                0x000048ec       0x72 ./main.o
                0x000048ec                soc_init_val()
 .text._Z18soc_current_chargev
                0x0000495e       0x2c ./main.o
                0x0000495e                soc_current_charge()
 .text._Z14soc_percentagel
                0x0000498a       0x30 ./main.o
                0x0000498a                soc_percentage(long)
 .text._Z24ecms_bat_equivalent_costl
                0x000049ba       0x54 ./main.o
                0x000049ba                ecms_bat_equivalent_cost(long)
 .text._Z20ecms_battery_penaltyi
                0x00004a0e      0x142 ./main.o
                0x00004a0e                ecms_battery_penalty(int)
 .text._Z22ecms_option_total_costilf
                0x00004b50       0x60 ./main.o
                0x00004b50                ecms_option_total_cost(int, long, float)
 .text._Z19ecms_optimal_optionlf
                0x00004bb0       0xc6 ./main.o
                0x00004bb0                ecms_optimal_option(long, float)
 .text._Z8vel_bikev
                0x00004c76      0x13c ./main.o
                0x00004c76                vel_bike()
 .text._Z41__static_initialization_and_destruction_0ii
                0x00004db2       0xe6 ./main.o
 .text._GLOBAL__D___cxa_pure_virtual
                0x00004e98        0xe ./main.o
 .text._GLOBAL__I___cxa_pure_virtual
                0x00004ea6        0xe ./main.o
 .text._Z18fc_determine_statel
                0x00004eb4       0xb2 ./main.o
                0x00004eb4                fc_determine_state(long)
 .text._Z16menu_refresh_duev
                0x00004f66       0x42 ./main.o
                0x00004f66                menu_refresh_due()
 .text._Z13sd_close_filev
                0x00004fa8       0x12 ./main.o
                0x00004fa8                sd_close_file()
 .text._Z13fan_motor_offv
                0x00004fba        0xa ./main.o
                0x00004fba                fan_motor_off()
 .text._Z12fan_motor_onv
                0x00004fc4        0xa ./main.o
                0x00004fc4                fan_motor_on()
 .text._Z14fan_battery_onv
                0x00004fce        0xa ./main.o
                0x00004fce                fan_battery_on()
 .text._Z15solenoid_fc_offv
                0x00004fd8        0xa ./main.o
                0x00004fd8                solenoid_fc_off()
 .text._Z26solenoid_fc_toggle_controlv
                0x00004fe2       0x4c ./main.o
                0x00004fe2                solenoid_fc_toggle_control()
 .text._Z14solenoid_fc_onv
                0x0000502e        0xa ./main.o
                0x0000502e                solenoid_fc_on()
 .text._Z27solenoid_fc_toggle_schedulev
                0x00005038       0x3a ./main.o
                0x00005038                solenoid_fc_toggle_schedule()
 .text._Z21solenoid_contactor_onv
                0x00005072        0xa ./main.o
                0x00005072                solenoid_contactor_on()
 .text._Z18solenoid_motor_offv
                0x0000507c        0xa ./main.o
                0x0000507c                solenoid_motor_off()
 .text._Z17solenoid_motor_onv
                0x00005086        0xa ./main.o
                0x00005086                solenoid_motor_on()
 .text._Z15warning_led_offv
                0x00005090        0xa ./main.o
                0x00005090                warning_led_off()
 .text._Z14warning_led_onv
                0x0000509a        0xa ./main.o
                0x0000509a                warning_led_on()
 .text._Z23solenoid_fc_toggle_waitv
                0x000050a4       0x16 ./main.o
                0x000050a4                solenoid_fc_toggle_wait()
 .text._Z9vel_beginv
                0x000050ba       0x10 ./main.o
                0x000050ba                vel_begin()
 .text._Z13kickstand_outv
                0x000050ca       0x12 ./main.o
                0x000050ca                kickstand_out()
 .text._Z11button_downv
                0x000050dc       0xa8 ./main.o
                0x000050dc                button_down()
 .text._Z9vel_pulsev
                0x00005184      0x104 ./main.o
                0x00005184                vel_pulse()
 .text._Z14soc_by_cc_stopv
                0x00005288        0xa ./main.o
                0x00005288                soc_by_cc_stop()
 .text._Z15soc_by_cc_startl
                0x00005292       0x4e ./main.o
                0x00005292                soc_by_cc_start(long)
 .text._Z11sd_new_filev
                0x000052e0       0xae ./main.o
                0x000052e0                sd_new_file()
 .text._Z7t_setupv
                0x0000538e       0x64 ./main.o
                0x0000538e                t_setup()
 .text._Z6t_tankv
                0x000053f2        0xe ./main.o
                0x000053f2                t_tank()
 .text._Z7t_motorv
                0x00005400        0xe ./main.o
                0x00005400                t_motor()
 .text._Z9t_batteryv
                0x0000540e        0xe ./main.o
                0x0000540e                t_battery()
 .text._Z14t_tank_requestv
                0x0000541c        0xa ./main.o
                0x0000541c                t_tank_request()
 .text._Z15t_motor_requestv
                0x00005426        0xa ./main.o
                0x00005426                t_motor_request()
 .text._Z17t_battery_requestv
                0x00005430        0xa ./main.o
                0x00005430                t_battery_request()
 .text._Z6p_tankv
                0x0000543a       0x2e ./main.o
                0x0000543a                p_tank()
 .text._Z7i_motorv
                0x00005468       0x56 ./main.o
                0x00005468                i_motor()
 .text._Z11i_fuel_cellv
                0x000054be       0x7a ./main.o
                0x000054be                i_fuel_cell()
 .text._Z14i_battery_highv
                0x00005538       0xa2 ./main.o
                0x00005538                i_battery_high()
 .text._Z13i_battery_lowv
                0x000055da       0xa2 ./main.o
                0x000055da                i_battery_low()
 .text._Z9i_batteryv
                0x0000567c       0x3a ./main.o
                0x0000567c                i_battery()
 .text._Z15soc_by_cc_countv
                0x000056b6       0x98 ./main.o
                0x000056b6                soc_by_cc_count()
 .text._Z11v_fuel_cellv
                0x0000574e       0x94 ./main.o
                0x0000574e                v_fuel_cell()
 .text._Z9v_batteryv
                0x000057e2       0x94 ./main.o
                0x000057e2                v_battery()
 .text._Z16i_control_outputi
                0x00005876        0xa ./main.o
                0x00005876                i_control_output(int)
 .text._Z21soc_estimation_ritualv
                0x00005880      0x108 ./main.o
                0x00005880                soc_estimation_ritual()
 .text.loop     0x00005988     0x1832 ./main.o
                0x00005988                loop
 .text._Z15i_control_setupv
                0x000071ba       0x16 ./main.o
                0x000071ba                i_control_setup()
 .text.setup    0x000071d0       0xcc ./main.o
                0x000071d0                setup
 .text.main     0x0000729c        0xe ./main.o
                0x0000729c                main
 .text._ZdlPv   0x000072aa        0x6 ./main.o
                0x000072aa                operator delete(void*)
 .text._ZN14HardwareSerialD1Ev
                0x000072b0        0xc ../../ArduinoCore/Release/\libArduinoCore.a(HardwareSerial.o)
                0x000072b0                HardwareSerial::~HardwareSerial()
 .text.__vector_25
                0x000072bc       0x6a ../../ArduinoCore/Release/\libArduinoCore.a(HardwareSerial.o)
                0x000072bc                __vector_25
 .text.__vector_36
                0x00007326       0x6a ../../ArduinoCore/Release/\libArduinoCore.a(HardwareSerial.o)
                0x00007326                __vector_36
 .text.__vector_51
                0x00007390       0x6a ../../ArduinoCore/Release/\libArduinoCore.a(HardwareSerial.o)
                0x00007390                __vector_51
 .text.__vector_54
                0x000073fa       0x6a ../../ArduinoCore/Release/\libArduinoCore.a(HardwareSerial.o)
                0x000073fa                __vector_54
 .text._ZN14HardwareSerial9availableEv
                0x00007464       0x22 ../../ArduinoCore/Release/\libArduinoCore.a(HardwareSerial.o)
                0x00007464                HardwareSerial::available()
 .text._ZN14HardwareSerial4peekEv
                0x00007486       0x34 ../../ArduinoCore/Release/\libArduinoCore.a(HardwareSerial.o)
                0x00007486                HardwareSerial::peek()
 .text._ZN14HardwareSerial4readEv
                0x000074ba       0x48 ../../ArduinoCore/Release/\libArduinoCore.a(HardwareSerial.o)
                0x000074ba                HardwareSerial::read()
 .text._ZN14HardwareSerial5flushEv
                0x00007502       0x18 ../../ArduinoCore/Release/\libArduinoCore.a(HardwareSerial.o)
                0x00007502                HardwareSerial::flush()
 .text._ZN14HardwareSerial5writeEh
                0x0000751a       0x26 ../../ArduinoCore/Release/\libArduinoCore.a(HardwareSerial.o)
                0x0000751a                HardwareSerial::write(unsigned char)
 .text._Z41__static_initialization_and_destruction_0ii
                0x00007540      0x1e0 ../../ArduinoCore/Release/\libArduinoCore.a(HardwareSerial.o)
 .text._GLOBAL__I_rx_buffer
                0x00007720        0xe ../../ArduinoCore/Release/\libArduinoCore.a(HardwareSerial.o)
 .text._GLOBAL__D_rx_buffer
                0x0000772e        0xe ../../ArduinoCore/Release/\libArduinoCore.a(HardwareSerial.o)
 .text._ZN14HardwareSerialD0Ev
                0x0000773c       0x12 ../../ArduinoCore/Release/\libArduinoCore.a(HardwareSerial.o)
                0x0000773c                HardwareSerial::~HardwareSerial()
 .text._ZN5PrintD1Ev
                0x0000774e        0xc ../../ArduinoCore/Release/\libArduinoCore.a(Print.o)
                0x0000774e                Print::~Print()
 .text._ZN5Print5writeEPKc
                0x0000775a       0x30 ../../ArduinoCore/Release/\libArduinoCore.a(Print.o)
                0x0000775a                Print::write(char const*)
 .text._ZN5Print5writeEPKhj
                0x0000778a       0x3e ../../ArduinoCore/Release/\libArduinoCore.a(Print.o)
                0x0000778a                Print::write(unsigned char const*, unsigned int)
 .text._ZN5Print5printEPKc
                0x000077c8       0x10 ../../ArduinoCore/Release/\libArduinoCore.a(Print.o)
                0x000077c8                Print::print(char const*)
 .text._ZN5PrintD0Ev
                0x000077d8       0x12 ../../ArduinoCore/Release/\libArduinoCore.a(Print.o)
                0x000077d8                Print::~Print()
 .text._ZN5Print11printNumberEmh
                0x000077ea      0x134 ../../ArduinoCore/Release/\libArduinoCore.a(Print.o)
                0x000077ea                Print::printNumber(unsigned long, unsigned char)
 .text._ZN5Print5printEmi
                0x0000791e       0x1e ../../ArduinoCore/Release/\libArduinoCore.a(Print.o)
                0x0000791e                Print::print(unsigned long, int)
 .text._ZN5Print5printEli
                0x0000793c       0x6c ../../ArduinoCore/Release/\libArduinoCore.a(Print.o)
                0x0000793c                Print::print(long, int)
 .text._ZN5Print5printEii
                0x000079a8       0x26 ../../ArduinoCore/Release/\libArduinoCore.a(Print.o)
                0x000079a8                Print::print(int, int)
 .text._ZN5Print10printFloatEdh
                0x000079ce      0x118 ../../ArduinoCore/Release/\libArduinoCore.a(Print.o)
                0x000079ce                Print::printFloat(double, unsigned char)
 .text._ZN5Print5printEdi
                0x00007ae6        0x6 ../../ArduinoCore/Release/\libArduinoCore.a(Print.o)
                0x00007ae6                Print::print(double, int)
 .text.attachInterrupt
                0x00007aec       0xf8 ../../ArduinoCore/Release/\libArduinoCore.a(WInterrupts.o)
                0x00007aec                attachInterrupt
 .text.__vector_1
                0x00007be4       0x62 ../../ArduinoCore/Release/\libArduinoCore.a(WInterrupts.o)
                0x00007be4                __vector_1
 .text.__vector_2
                0x00007c46       0x62 ../../ArduinoCore/Release/\libArduinoCore.a(WInterrupts.o)
                0x00007c46                __vector_2
 .text.__vector_3
                0x00007ca8       0x62 ../../ArduinoCore/Release/\libArduinoCore.a(WInterrupts.o)
                0x00007ca8                __vector_3
 .text.__vector_4
                0x00007d0a       0x62 ../../ArduinoCore/Release/\libArduinoCore.a(WInterrupts.o)
                0x00007d0a                __vector_4
 .text.__vector_5
                0x00007d6c       0x62 ../../ArduinoCore/Release/\libArduinoCore.a(WInterrupts.o)
                0x00007d6c                __vector_5
 .text.__vector_6
                0x00007dce       0x62 ../../ArduinoCore/Release/\libArduinoCore.a(WInterrupts.o)
                0x00007dce                __vector_6
 .text.__vector_7
                0x00007e30       0x62 ../../ArduinoCore/Release/\libArduinoCore.a(WInterrupts.o)
                0x00007e30                __vector_7
 .text.__vector_8
                0x00007e92       0x62 ../../ArduinoCore/Release/\libArduinoCore.a(WInterrupts.o)
                0x00007e92                __vector_8
 .text.__vector_23
                0x00007ef4       0x90 ../../ArduinoCore/Release/\libArduinoCore.a(wiring.o)
                0x00007ef4                __vector_23
 .text.millis   0x00007f84       0x1c ../../ArduinoCore/Release/\libArduinoCore.a(wiring.o)
                0x00007f84                millis
 .text.micros   0x00007fa0       0x4c ../../ArduinoCore/Release/\libArduinoCore.a(wiring.o)
                0x00007fa0                micros
 .text.delay    0x00007fec       0x4c ../../ArduinoCore/Release/\libArduinoCore.a(wiring.o)
                0x00007fec                delay
 .text.delayMicroseconds
                0x00008038       0x14 ../../ArduinoCore/Release/\libArduinoCore.a(wiring.o)
                0x00008038                delayMicroseconds
 .text.init     0x0000804c       0xc4 ../../ArduinoCore/Release/\libArduinoCore.a(wiring.o)
                0x0000804c                init
 .text.analogRead
                0x00008110       0x68 ../../ArduinoCore/Release/\libArduinoCore.a(wiring_analog.o)
                0x00008110                analogRead
 .text.analogWrite
                0x00008178      0x1b6 ../../ArduinoCore/Release/\libArduinoCore.a(wiring_analog.o)
                0x00008178                analogWrite
 .text.pinMode  0x0000832e       0x4c ../../ArduinoCore/Release/\libArduinoCore.a(wiring_digital.o)
                0x0000832e                pinMode
 .text.turnOffPWM
                0x0000837a       0xe6 ../../ArduinoCore/Release/\libArduinoCore.a(wiring_digital.o)
 .text.digitalWrite
                0x00008460       0x6a ../../ArduinoCore/Release/\libArduinoCore.a(wiring_digital.o)
                0x00008460                digitalWrite
 .text.digitalRead
                0x000084ca       0x60 ../../ArduinoCore/Release/\libArduinoCore.a(wiring_digital.o)
                0x000084ca                digitalRead
 .text.libgcc   0x0000852a       0x3e c:/winavr-20100110/bin/../lib/gcc/avr/4.3.3/avr6\libgcc.a(_mulsi3.o)
                0x0000852a                __mulsi3
 .text.libgcc   0x00008568       0x18 c:/winavr-20100110/bin/../lib/gcc/avr/4.3.3/avr6\libgcc.a(_udivmodqi4.o)
                0x00008568                __udivmodqi4
 .text.libgcc   0x00008580       0x28 c:/winavr-20100110/bin/../lib/gcc/avr/4.3.3/avr6\libgcc.a(_udivmodhi4.o)
                0x00008580                __udivmodhi4
 .text.libgcc   0x000085a8       0x44 c:/winavr-20100110/bin/../lib/gcc/avr/4.3.3/avr6\libgcc.a(_udivmodsi4.o)
                0x000085a8                __udivmodsi4
 .text.libgcc   0x000085ec       0x36 c:/winavr-20100110/bin/../lib/gcc/avr/4.3.3/avr6\libgcc.a(_divmodsi4.o)
                0x000085ec                __divmodsi4
 .text.libgcc   0x00008622       0x38 c:/winavr-20100110/bin/../lib/gcc/avr/4.3.3/avr6\libgcc.a(_prologue.o)
                0x00008622                __prologue_saves__
 .text.libgcc   0x0000865a       0x36 c:/winavr-20100110/bin/../lib/gcc/avr/4.3.3/avr6\libgcc.a(_epilogue.o)
                0x0000865a                __epilogue_restores__
 .text.libgcc   0x00008690        0xc c:/winavr-20100110/bin/../lib/gcc/avr/4.3.3/avr6\libgcc.a(_tablejump.o)
                0x00008694                __tablejump__
                0x00008690                __tablejump2__
 .text.avr-libc
                0x0000869c      0x20a c:/winavr-20100110/bin/../lib/gcc/avr/4.3.3/../../../../avr/lib/avr6\libc.a(malloc.o)
                0x0000869c                malloc
                0x000087f6                free
 .text.avr-libc
                0x000088a6       0x1a c:/winavr-20100110/bin/../lib/gcc/avr/4.3.3/../../../../avr/lib/avr6\libc.a(memcmp.o)
                0x000088a6                memcmp
 .text.avr-libc
                0x000088c0       0x12 c:/winavr-20100110/bin/../lib/gcc/avr/4.3.3/../../../../avr/lib/avr6\libc.a(memcpy.o)
                0x000088c0                memcpy
 .text.avr-libc
                0x000088d2        0xe c:/winavr-20100110/bin/../lib/gcc/avr/4.3.3/../../../../avr/lib/avr6\libc.a(strcpy.o)
                0x000088d2                strcpy
                0x000088e0                . = ALIGN (0x2)
 *(.fini9)
 .fini9         0x000088e0        0x0 c:/winavr-20100110/bin/../lib/gcc/avr/4.3.3/avr6\libgcc.a(_exit.o)
                0x000088e0                exit
                0x000088e0                _exit
 *(.fini9)
 *(.fini8)
 *(.fini8)
 *(.fini7)
 *(.fini7)
 *(.fini6)
 .fini6         0x000088e0       0x16 c:/winavr-20100110/bin/../lib/gcc/avr/4.3.3/avr6\libgcc.a(_dtors.o)
                0x000088e0                __do_global_dtors
 *(.fini6)
 *(.fini5)
 *(.fini5)
 *(.fini4)
 *(.fini4)
 *(.fini3)
 *(.fini3)
 *(.fini2)
 *(.fini2)
 *(.fini1)
 *(.fini1)
 *(.fini0)
 .fini0         0x000088f6        0x4 c:/winavr-20100110/bin/../lib/gcc/avr/4.3.3/avr6\libgcc.a(_exit.o)
 *(.fini0)
                0x000088fa                _etext = .

.data           0x00800200      0x542 load address 0x000088fa
                0x00800200                PROVIDE (__data_start, .)
 *(.data)
 .data          0x00800200      0x33c ./main.o
 .data          0x0080053c        0x2 ../../ArduinoCore/Release/\libArduinoCore.a(Print.o)
 .data          0x0080053e        0x8 c:/winavr-20100110/bin/../lib/gcc/avr/4.3.3/avr6\libgcc.a(_thenan_sf.o)
                0x0080053e                __thenan_sf
 .data          0x00800546      0x100 c:/winavr-20100110/bin/../lib/gcc/avr/4.3.3/avr6\libgcc.a(_clz.o)
                0x00800546                __clz_tab
 .data          0x00800646        0x6 c:/winavr-20100110/bin/../lib/gcc/avr/4.3.3/../../../../avr/lib/avr6\libc.a(malloc.o)
                0x00800648                __malloc_heap_start
                0x0080064a                __malloc_heap_end
                0x00800646                __malloc_margin
 *(.data*)
 .data.menu_page_id
                0x0080064c        0x2 ./main.o
                0x0080064c                menu_page_id
 .data.ecms_options_power
                0x0080064e       0x3c ./main.o
                0x0080064e                ecms_options_power
 .data.ecms_options_cost
                0x0080068a       0x3c ./main.o
                0x0080068a                ecms_options_cost
 .data.ecms_penalty_soc
                0x008006c6        0xc ./main.o
                0x008006c6                ecms_penalty_soc
 .data.ecms_penalty_val
                0x008006d2        0xc ./main.o
                0x008006d2                ecms_penalty_val
 .data.em_mode  0x008006de        0x2 ./main.o
                0x008006de                em_mode
 .data.browsing_menu
                0x008006e0        0x1 ./main.o
                0x008006e0                browsing_menu
 .data.analog_reference
                0x008006e1        0x1 ../../ArduinoCore/Release/\libArduinoCore.a(wiring_analog.o)
                0x008006e1                analog_reference
 *(.rodata)
 *(.rodata*)
 .rodata._ZTV6SdFile
                0x008006e2        0xe ./libraries/SdFat/SdFile.o
                0x008006e2                vtable for SdFile
 .rodata._ZTV13LiquidCrystal
                0x008006f0        0xe ./libraries/LiquidCrystal/LiquidCrystal.o
                0x008006f0                vtable for LiquidCrystal
 .rodata._ZZN13LiquidCrystal9setCursorEhhE3C.1
                0x008006fe        0x8 ./libraries/LiquidCrystal/LiquidCrystal.o
 .rodata._ZZ10soc_by_ocvlE5C.195
                0x00800706       0x18 ./main.o
 .rodata._ZTV14HardwareSerial
                0x0080071e       0x16 ../../ArduinoCore/Release/\libArduinoCore.a(HardwareSerial.o)
                0x0080071e                vtable for HardwareSerial
 .rodata._ZTV5Print
                0x00800734        0xe ../../ArduinoCore/Release/\libArduinoCore.a(Print.o)
                0x00800734                vtable for Print
 *(.gnu.linkonce.d*)
                0x00800742                . = ALIGN (0x2)
                0x00800742                _edata = .
                0x00800742                PROVIDE (__data_end, .)

.bss            0x00800742      0x69f
                0x00800742                PROVIDE (__bss_start, .)
 *(.bss)
 *(.bss*)
 .bss.Timer1    0x00800742        0x5 ./libraries/TimerOne/TimerOne.o
                0x00800742                Timer1
 .bss._ZN10SdBaseFile4cwd_E
                0x00800747        0x2 ./libraries/SdFat/SdBaseFile.o
                0x00800747                SdBaseFile::cwd_
 .bss._ZN10SdBaseFile9dateTime_E
                0x00800749        0x2 ./libraries/SdFat/SdBaseFile.o
                0x00800749                SdBaseFile::dateTime_
 .bss._ZN8SdVolume17cacheBlockNumber_E
                0x0080074b        0x4 ./libraries/SdFat/SdVolume.o
                0x0080074b                SdVolume::cacheBlockNumber_
 .bss._ZN8SdVolume12cacheBuffer_E
                0x0080074f      0x200 ./libraries/SdFat/SdVolume.o
                0x0080074f                SdVolume::cacheBuffer_
 .bss._ZN8SdVolume7sdCard_E
                0x0080094f        0x2 ./libraries/SdFat/SdVolume.o
                0x0080094f                SdVolume::sdCard_
 .bss._ZN8SdVolume11cacheDirty_E
                0x00800951        0x1 ./libraries/SdFat/SdVolume.o
                0x00800951                SdVolume::cacheDirty_
 .bss._ZN8SdVolume17cacheMirrorBlock_E
                0x00800952        0x4 ./libraries/SdFat/SdVolume.o
                0x00800952                SdVolume::cacheMirrorBlock_
 .bss.lcd       0x00800956       0x13 ./main.o
                0x00800956                lcd
 .bss.button_action_allowed
                0x00800969        0x4 ./main.o
                0x00800969                button_action_allowed
 .bss.solenoid_fc_off_due
                0x0080096d        0x4 ./main.o
                0x0080096d                solenoid_fc_off_due
 .bss.t_bat_onewire
                0x00800971        0xe ./main.o
                0x00800971                t_bat_onewire
 .bss.dt_bat    0x0080097f       0x13 ./main.o
                0x0080097f                dt_bat
 .bss.t_motor_onewire
                0x00800992        0xe ./main.o
                0x00800992                t_motor_onewire
 .bss.dt_motor  0x008009a0       0x13 ./main.o
                0x008009a0                dt_motor
 .bss.t_tank_onewire
                0x008009b3        0xe ./main.o
                0x008009b3                t_tank_onewire
 .bss.dt_tank   0x008009c1       0x13 ./main.o
                0x008009c1                dt_tank
 .bss.at_motor  0x008009d4        0x8 ./main.o
                0x008009d4                at_motor
 .bss.at_tank   0x008009dc        0x8 ./main.o
                0x008009dc                at_tank
 .bss.at_battery
                0x008009e4        0x8 ./main.o
                0x008009e4                at_battery
 .bss.sd_error_id
                0x008009ec        0x2 ./main.o
                0x008009ec                sd_error_id
 .bss.sd_file_name
                0x008009ee        0xc ./main.o
                0x008009ee                sd_file_name
 .bss.sd_fs     0x008009fa       0x3e ./main.o
                0x008009fa                sd_fs
 .bss.sd_file   0x00800a38       0x1d ./main.o
                0x00800a38                sd_file
 .bss.sd_bw     0x00800a55       0x83 ./main.o
                0x00800a55                sd_bw
 .bss.menu_next_refresh_time
                0x00800ad8        0x4 ./main.o
                0x00800ad8                menu_next_refresh_time
 .bss.daq_measurement_id_val
                0x00800adc        0x2 ./main.o
                0x00800adc                daq_measurement_id_val
 .bss.daq_state
                0x00800ade        0x2 ./main.o
                0x00800ade                daq_state
 .bss.p_controller_setpoint_value
                0x00800ae0        0x4 ./main.o
                0x00800ae0                p_controller_setpoint_value
 .bss.p_controller_state_id
                0x00800ae4        0x4 ./main.o
                0x00800ae4                p_controller_state_id
 .bss.p_controller_output_value
                0x00800ae8        0x2 ./main.o
                0x00800ae8                p_controller_output_value
 .bss.fc_state_on
                0x00800aea        0x1 ./main.o
                0x00800aea                fc_state_on
 .bss.fc_state_dead_time
                0x00800aeb        0x4 ./main.o
                0x00800aeb                fc_state_dead_time
 .bss.soc_init  0x00800aef        0x4 ./main.o
                0x00800aef                soc_init
 .bss.soc_cc    0x00800af3        0x4 ./main.o
                0x00800af3                soc_cc
 .bss.vel_first_pulse_id
                0x00800af7        0x4 ./main.o
                0x00800af7                vel_first_pulse_id
 .bss.vel_first_pulse_time
                0x00800afb        0x4 ./main.o
                0x00800afb                vel_first_pulse_time
 .bss.vel_last_pulse_time
                0x00800aff        0x4 ./main.o
                0x00800aff                vel_last_pulse_time
 .bss.vel_total_pulse_count
                0x00800b03        0x4 ./main.o
                0x00800b03                vel_total_pulse_count
 .bss.vel_signal_low_at
                0x00800b07        0x4 ./main.o
                0x00800b07                vel_signal_low_at
 .bss.daq_start
                0x00800b0b        0x4 ./main.o
                0x00800b0b                daq_start
 .bss.iter_start
                0x00800b0f        0x4 ./main.o
                0x00800b0f                iter_start
 .bss.bike_velocity
                0x00800b13        0x4 ./main.o
                0x00800b13                bike_velocity
 .bss.bike_distance
                0x00800b17        0x4 ./main.o
                0x00800b17                bike_distance
 .bss.soc_charge
                0x00800b1b        0x4 ./main.o
                0x00800b1b                soc_charge
 .bss.i_fc      0x00800b1f        0x4 ./main.o
                0x00800b1f                i_fc
 .bss.i_bat     0x00800b23        0x4 ./main.o
                0x00800b23                i_bat
 .bss.i_mot     0x00800b27        0x4 ./main.o
                0x00800b27                i_mot
 .bss.v_fc      0x00800b2b        0x4 ./main.o
                0x00800b2b                v_fc
 .bss.v_bat     0x00800b2f        0x4 ./main.o
                0x00800b2f                v_bat
 .bss.p_fc      0x00800b33        0x4 ./main.o
                0x00800b33                p_fc
 .bss.p_bat     0x00800b37        0x4 ./main.o
                0x00800b37                p_bat
 .bss.p_mot     0x00800b3b        0x4 ./main.o
                0x00800b3b                p_mot
 .bss.p_mot_avg
                0x00800b3f        0x4 ./main.o
                0x00800b3f                p_mot_avg
 .bss.p_mot_avg_tmp
                0x00800b43        0x4 ./main.o
                0x00800b43                p_mot_avg_tmp
 .bss.prs_h2    0x00800b47        0x4 ./main.o
                0x00800b47                prs_h2
 .bss.m_h2      0x00800b4b        0x4 ./main.o
                0x00800b4b                m_h2
 .bss.prev_iter_time
                0x00800b4f        0x2 ./main.o
                0x00800b4f                prev_iter_time
 .bss.iter_counter
                0x00800b51        0x2 ./main.o
                0x00800b51                iter_counter
 .bss.soc_perc  0x00800b53        0x2 ./main.o
                0x00800b53                soc_perc
 .bss.t_h2      0x00800b55        0x4 ./main.o
                0x00800b55                t_h2
 .bss.t_mot     0x00800b59        0x4 ./main.o
                0x00800b59                t_mot
 .bss.t_bat     0x00800b5d        0x4 ./main.o
                0x00800b5d                t_bat
 .bss.em_bat_penalty
                0x00800b61        0x4 ./main.o
                0x00800b61                em_bat_penalty
 .bss.soc_reset_due
                0x00800b65        0x1 ./main.o
                0x00800b65                soc_reset_due
 .bss.temp_fahrenheit
                0x00800b66        0x1 ./main.o
                0x00800b66                temp_fahrenheit
 .bss.vel_mph   0x00800b67        0x1 ./main.o
                0x00800b67                vel_mph
 .bss.rx_buffer
                0x00800b68       0x84 ../../ArduinoCore/Release/\libArduinoCore.a(HardwareSerial.o)
                0x00800b68                rx_buffer
 .bss.rx_buffer1
                0x00800bec       0x84 ../../ArduinoCore/Release/\libArduinoCore.a(HardwareSerial.o)
                0x00800bec                rx_buffer1
 .bss.rx_buffer2
                0x00800c70       0x84 ../../ArduinoCore/Release/\libArduinoCore.a(HardwareSerial.o)
                0x00800c70                rx_buffer2
 .bss.rx_buffer3
                0x00800cf4       0x84 ../../ArduinoCore/Release/\libArduinoCore.a(HardwareSerial.o)
                0x00800cf4                rx_buffer3
 .bss.Serial    0x00800d78       0x13 ../../ArduinoCore/Release/\libArduinoCore.a(HardwareSerial.o)
                0x00800d78                Serial
 .bss.Serial1   0x00800d8b       0x13 ../../ArduinoCore/Release/\libArduinoCore.a(HardwareSerial.o)
                0x00800d8b                Serial1
 .bss.Serial2   0x00800d9e       0x13 ../../ArduinoCore/Release/\libArduinoCore.a(HardwareSerial.o)
                0x00800d9e                Serial2
 .bss.Serial3   0x00800db1       0x13 ../../ArduinoCore/Release/\libArduinoCore.a(HardwareSerial.o)
                0x00800db1                Serial3
 .bss.intFunc   0x00800dc4       0x10 ../../ArduinoCore/Release/\libArduinoCore.a(WInterrupts.o)
 .bss.timer0_overflow_count
                0x00800dd4        0x4 ../../ArduinoCore/Release/\libArduinoCore.a(wiring.o)
                0x00800dd4                timer0_overflow_count
 .bss.timer0_millis
                0x00800dd8        0x4 ../../ArduinoCore/Release/\libArduinoCore.a(wiring.o)
                0x00800dd8                timer0_millis
 .bss.timer0_fract
                0x00800ddc        0x1 ../../ArduinoCore/Release/\libArduinoCore.a(wiring.o)
 *(COMMON)
 COMMON         0x00800ddd        0x4 c:/winavr-20100110/bin/../lib/gcc/avr/4.3.3/../../../../avr/lib/avr6\libc.a(malloc.o)
                0x00800ddd                __brkval
                0x00800ddf                __flp
                0x00800de1                PROVIDE (__bss_end, .)
                0x000088fa                __data_load_start = LOADADDR (.data)
                0x00008e3c                __data_load_end = (__data_load_start + SIZEOF (.data))

.noinit         0x00800de1        0x0
                0x00800de1                PROVIDE (__noinit_start, .)
 *(.noinit*)
                0x00800de1                PROVIDE (__noinit_end, .)
                0x00800de1                _end = .
                0x00800de1                PROVIDE (__heap_start, .)

.eeprom         0x00810000        0x0
 *(.eeprom*)
                0x00810000                __eeprom_end = .

.fuse
 *(.fuse)
 *(.lfuse)
 *(.hfuse)
 *(.efuse)

.lock
 *(.lock*)

.signature
 *(.signature*)

.stab
 *(.stab)

.stabstr
 *(.stabstr)

.stab.excl
 *(.stab.excl)

.stab.exclstr
 *(.stab.exclstr)

.stab.index
 *(.stab.index)

.stab.indexstr
 *(.stab.indexstr)

.comment
 *(.comment)

.debug
 *(.debug)

.line
 *(.line)

.debug_srcinfo
 *(.debug_srcinfo)

.debug_sfnames
 *(.debug_sfnames)

.debug_aranges
 *(.debug_aranges)

.debug_pubnames
 *(.debug_pubnames)

.debug_info
 *(.debug_info)
 *(.gnu.linkonce.wi.*)

.debug_abbrev
 *(.debug_abbrev)

.debug_line
 *(.debug_line)

.debug_frame
 *(.debug_frame)

.debug_str
 *(.debug_str)

.debug_loc
 *(.debug_loc)

.debug_macinfo
 *(.debug_macinfo)
OUTPUT(FuelCellBikeController.elf elf32-avr)
LOAD linker stubs

.debug_ranges

Cross Reference Table

Symbol                                            File
BufferedWriter::putChar(char)                     ./libraries/BufferedWriter/BufferedWriter.o
BufferedWriter::putHex(unsigned long)             ./libraries/BufferedWriter/BufferedWriter.o
BufferedWriter::putNum(int)                       ./libraries/BufferedWriter/BufferedWriter.o
                                                  ./main.o
BufferedWriter::putNum(long)                      ./libraries/BufferedWriter/BufferedWriter.o
                                                  ./main.o
BufferedWriter::putNum(signed char)               ./libraries/BufferedWriter/BufferedWriter.o
BufferedWriter::putNum(unsigned char)             ./libraries/BufferedWriter/BufferedWriter.o
BufferedWriter::putNum(unsigned int)              ./libraries/BufferedWriter/BufferedWriter.o
                                                  ./main.o
BufferedWriter::putNum(unsigned long)             ./libraries/BufferedWriter/BufferedWriter.o
                                                  ./main.o
BufferedWriter::putStr(char*)                     ./libraries/BufferedWriter/BufferedWriter.o
                                                  ./main.o
BufferedWriter::writeBuf()                        ./libraries/BufferedWriter/BufferedWriter.o
                                                  ./main.o
DallasTemperature::DallasTemperature(OneWire*)    ./libraries/DallasTemperature/DallasTemperature.o
                                                  ./main.o
DallasTemperature::DallasTemperature(OneWire*)    ./libraries/DallasTemperature/DallasTemperature.o
DallasTemperature::alarmSearch(unsigned char*)    ./libraries/DallasTemperature/DallasTemperature.o
DallasTemperature::begin()                        ./libraries/DallasTemperature/DallasTemperature.o
                                                  ./main.o
DallasTemperature::calculateTemperature(unsigned char*, unsigned char*) ./libraries/DallasTemperature/DallasTemperature.o
DallasTemperature::defaultAlarmHandler(unsigned char*) ./libraries/DallasTemperature/DallasTemperature.o
DallasTemperature::getAddress(unsigned char*, unsigned char) ./libraries/DallasTemperature/DallasTemperature.o
                                                  ./main.o
DallasTemperature::getDeviceCount()               ./libraries/DallasTemperature/DallasTemperature.o
DallasTemperature::getHighAlarmTemp(unsigned char*) ./libraries/DallasTemperature/DallasTemperature.o
DallasTemperature::getLowAlarmTemp(unsigned char*) ./libraries/DallasTemperature/DallasTemperature.o
DallasTemperature::getResolution()                ./libraries/DallasTemperature/DallasTemperature.o
DallasTemperature::getResolution(unsigned char*)  ./libraries/DallasTemperature/DallasTemperature.o
DallasTemperature::getTempC(unsigned char*)       ./libraries/DallasTemperature/DallasTemperature.o
                                                  ./main.o
DallasTemperature::getTempCByIndex(unsigned char) ./libraries/DallasTemperature/DallasTemperature.o
DallasTemperature::getTempF(unsigned char*)       ./libraries/DallasTemperature/DallasTemperature.o
DallasTemperature::getTempFByIndex(unsigned char) ./libraries/DallasTemperature/DallasTemperature.o
DallasTemperature::getWaitForConversion()         ./libraries/DallasTemperature/DallasTemperature.o
DallasTemperature::hasAlarm()                     ./libraries/DallasTemperature/DallasTemperature.o
DallasTemperature::hasAlarm(unsigned char*)       ./libraries/DallasTemperature/DallasTemperature.o
DallasTemperature::isConnected(unsigned char*)    ./libraries/DallasTemperature/DallasTemperature.o
DallasTemperature::isConnected(unsigned char*, unsigned char*) ./libraries/DallasTemperature/DallasTemperature.o
DallasTemperature::isParasitePowerMode()          ./libraries/DallasTemperature/DallasTemperature.o
DallasTemperature::processAlarms()                ./libraries/DallasTemperature/DallasTemperature.o
DallasTemperature::readPowerSupply(unsigned char*) ./libraries/DallasTemperature/DallasTemperature.o
DallasTemperature::readScratchPad(unsigned char*, unsigned char*) ./libraries/DallasTemperature/DallasTemperature.o
DallasTemperature::requestTemperatures()          ./libraries/DallasTemperature/DallasTemperature.o
                                                  ./main.o
DallasTemperature::requestTemperaturesByAddress(unsigned char*) ./libraries/DallasTemperature/DallasTemperature.o
DallasTemperature::requestTemperaturesByIndex(unsigned char) ./libraries/DallasTemperature/DallasTemperature.o
DallasTemperature::resetAlarmSearch()             ./libraries/DallasTemperature/DallasTemperature.o
DallasTemperature::setAlarmHandler(void (*)(unsigned char*)) ./libraries/DallasTemperature/DallasTemperature.o
DallasTemperature::setHighAlarmTemp(unsigned char*, char) ./libraries/DallasTemperature/DallasTemperature.o
DallasTemperature::setLowAlarmTemp(unsigned char*, char) ./libraries/DallasTemperature/DallasTemperature.o
DallasTemperature::setResolution(unsigned char)   ./libraries/DallasTemperature/DallasTemperature.o
DallasTemperature::setResolution(unsigned char*, unsigned char) ./libraries/DallasTemperature/DallasTemperature.o
DallasTemperature::setWaitForConversion(bool)     ./libraries/DallasTemperature/DallasTemperature.o
                                                  ./main.o
DallasTemperature::toCelsius(float)               ./libraries/DallasTemperature/DallasTemperature.o
DallasTemperature::toFahrenheit(float)            ./libraries/DallasTemperature/DallasTemperature.o
DallasTemperature::validAddress(unsigned char*)   ./libraries/DallasTemperature/DallasTemperature.o
DallasTemperature::writeScratchPad(unsigned char*, unsigned char const*) ./libraries/DallasTemperature/DallasTemperature.o
HardwareSerial::HardwareSerial(ring_buffer*, unsigned char volatile*, unsigned char volatile*, unsigned char volatile*, unsigned char volatile*, unsigned char volatile*, unsigned char, unsigned char, unsigned char, unsigned char, unsigned char) ../../ArduinoCore/Release/\libArduinoCore.a(HardwareSerial.o)
HardwareSerial::HardwareSerial(ring_buffer*, unsigned char volatile*, unsigned char volatile*, unsigned char volatile*, unsigned char volatile*, unsigned char volatile*, unsigned char, unsigned char, unsigned char, unsigned char, unsigned char) ../../ArduinoCore/Release/\libArduinoCore.a(HardwareSerial.o)
HardwareSerial::available()                       ../../ArduinoCore/Release/\libArduinoCore.a(HardwareSerial.o)
HardwareSerial::begin(long)                       ../../ArduinoCore/Release/\libArduinoCore.a(HardwareSerial.o)
HardwareSerial::end()                             ../../ArduinoCore/Release/\libArduinoCore.a(HardwareSerial.o)
HardwareSerial::flush()                           ../../ArduinoCore/Release/\libArduinoCore.a(HardwareSerial.o)
HardwareSerial::peek()                            ../../ArduinoCore/Release/\libArduinoCore.a(HardwareSerial.o)
HardwareSerial::read()                            ../../ArduinoCore/Release/\libArduinoCore.a(HardwareSerial.o)
HardwareSerial::write(unsigned char)              ../../ArduinoCore/Release/\libArduinoCore.a(HardwareSerial.o)
HardwareSerial::~HardwareSerial()                 ../../ArduinoCore/Release/\libArduinoCore.a(HardwareSerial.o)
HardwareSerial::~HardwareSerial()                 ../../ArduinoCore/Release/\libArduinoCore.a(HardwareSerial.o)
LiquidCrystal::LiquidCrystal(unsigned char, unsigned char, unsigned char, unsigned char, unsigned char, unsigned char) ./libraries/LiquidCrystal/LiquidCrystal.o
                                                  ./main.o
LiquidCrystal::LiquidCrystal(unsigned char, unsigned char, unsigned char, unsigned char, unsigned char, unsigned char) ./libraries/LiquidCrystal/LiquidCrystal.o
LiquidCrystal::LiquidCrystal(unsigned char, unsigned char, unsigned char, unsigned char, unsigned char, unsigned char, unsigned char) ./libraries/LiquidCrystal/LiquidCrystal.o
LiquidCrystal::LiquidCrystal(unsigned char, unsigned char, unsigned char, unsigned char, unsigned char, unsigned char, unsigned char) ./libraries/LiquidCrystal/LiquidCrystal.o
LiquidCrystal::LiquidCrystal(unsigned char, unsigned char, unsigned char, unsigned char, unsigned char, unsigned char, unsigned char, unsigned char, unsigned char, unsigned char) ./libraries/LiquidCrystal/LiquidCrystal.o
LiquidCrystal::LiquidCrystal(unsigned char, unsigned char, unsigned char, unsigned char, unsigned char, unsigned char, unsigned char, unsigned char, unsigned char, unsigned char) ./libraries/LiquidCrystal/LiquidCrystal.o
LiquidCrystal::LiquidCrystal(unsigned char, unsigned char, unsigned char, unsigned char, unsigned char, unsigned char, unsigned char, unsigned char, unsigned char, unsigned char, unsigned char) ./libraries/LiquidCrystal/LiquidCrystal.o
LiquidCrystal::LiquidCrystal(unsigned char, unsigned char, unsigned char, unsigned char, unsigned char, unsigned char, unsigned char, unsigned char, unsigned char, unsigned char, unsigned char) ./libraries/LiquidCrystal/LiquidCrystal.o
LiquidCrystal::autoscroll()                       ./libraries/LiquidCrystal/LiquidCrystal.o
LiquidCrystal::begin(unsigned char, unsigned char, unsigned char) ./libraries/LiquidCrystal/LiquidCrystal.o
                                                  ./main.o
LiquidCrystal::blink()                            ./libraries/LiquidCrystal/LiquidCrystal.o
LiquidCrystal::clear()                            ./libraries/LiquidCrystal/LiquidCrystal.o
LiquidCrystal::command(unsigned char)             ./libraries/LiquidCrystal/LiquidCrystal.o
LiquidCrystal::createChar(unsigned char, unsigned char*) ./libraries/LiquidCrystal/LiquidCrystal.o
LiquidCrystal::cursor()                           ./libraries/LiquidCrystal/LiquidCrystal.o
LiquidCrystal::display()                          ./libraries/LiquidCrystal/LiquidCrystal.o
LiquidCrystal::home()                             ./libraries/LiquidCrystal/LiquidCrystal.o
LiquidCrystal::init(unsigned char, unsigned char, unsigned char, unsigned char, unsigned char, unsigned char, unsigned char, unsigned char, unsigned char, unsigned char, unsigned char, unsigned char) ./libraries/LiquidCrystal/LiquidCrystal.o
LiquidCrystal::leftToRight()                      ./libraries/LiquidCrystal/LiquidCrystal.o
LiquidCrystal::noAutoscroll()                     ./libraries/LiquidCrystal/LiquidCrystal.o
LiquidCrystal::noBlink()                          ./libraries/LiquidCrystal/LiquidCrystal.o
LiquidCrystal::noCursor()                         ./libraries/LiquidCrystal/LiquidCrystal.o
LiquidCrystal::noDisplay()                        ./libraries/LiquidCrystal/LiquidCrystal.o
LiquidCrystal::pulseEnable()                      ./libraries/LiquidCrystal/LiquidCrystal.o
LiquidCrystal::rightToLeft()                      ./libraries/LiquidCrystal/LiquidCrystal.o
LiquidCrystal::scrollDisplayLeft()                ./libraries/LiquidCrystal/LiquidCrystal.o
LiquidCrystal::scrollDisplayRight()               ./libraries/LiquidCrystal/LiquidCrystal.o
LiquidCrystal::send(unsigned char, unsigned char) ./libraries/LiquidCrystal/LiquidCrystal.o
LiquidCrystal::setCursor(unsigned char, unsigned char) ./libraries/LiquidCrystal/LiquidCrystal.o
                                                  ./main.o
LiquidCrystal::write(unsigned char)               ./libraries/LiquidCrystal/LiquidCrystal.o
LiquidCrystal::write4bits(unsigned char)          ./libraries/LiquidCrystal/LiquidCrystal.o
LiquidCrystal::write8bits(unsigned char)          ./libraries/LiquidCrystal/LiquidCrystal.o
LiquidCrystal::~LiquidCrystal()                   ./libraries/LiquidCrystal/LiquidCrystal.o
LiquidCrystal::~LiquidCrystal()                   ./libraries/LiquidCrystal/LiquidCrystal.o
OneWire::OneWire(unsigned char)                   ./libraries/OneWire/OneWire.o
                                                  ./main.o
OneWire::OneWire(unsigned char)                   ./libraries/OneWire/OneWire.o
OneWire::check_crc16(unsigned char*, unsigned int, unsigned char*) ./libraries/OneWire/OneWire.o
OneWire::crc16(unsigned char*, unsigned int)      ./libraries/OneWire/OneWire.o
OneWire::crc8(unsigned char*, unsigned char)      ./libraries/OneWire/OneWire.o
                                                  ./libraries/DallasTemperature/DallasTemperature.o
OneWire::depower()                                ./libraries/OneWire/OneWire.o
OneWire::read()                                   ./libraries/OneWire/OneWire.o
                                                  ./libraries/DallasTemperature/DallasTemperature.o
OneWire::read_bit()                               ./libraries/OneWire/OneWire.o
                                                  ./libraries/DallasTemperature/DallasTemperature.o
OneWire::read_bytes(unsigned char*, unsigned int) ./libraries/OneWire/OneWire.o
OneWire::reset()                                  ./libraries/OneWire/OneWire.o
                                                  ./libraries/DallasTemperature/DallasTemperature.o
OneWire::reset_search()                           ./libraries/OneWire/OneWire.o
                                                  ./libraries/DallasTemperature/DallasTemperature.o
OneWire::search(unsigned char*)                   ./libraries/OneWire/OneWire.o
                                                  ./libraries/DallasTemperature/DallasTemperature.o
OneWire::select(unsigned char*)                   ./libraries/OneWire/OneWire.o
                                                  ./libraries/DallasTemperature/DallasTemperature.o
OneWire::skip()                                   ./libraries/OneWire/OneWire.o
                                                  ./libraries/DallasTemperature/DallasTemperature.o
OneWire::write(unsigned char, unsigned char)      ./libraries/OneWire/OneWire.o
                                                  ./libraries/DallasTemperature/DallasTemperature.o
OneWire::write_bit(unsigned char)                 ./libraries/OneWire/OneWire.o
                                                  ./libraries/DallasTemperature/DallasTemperature.o
OneWire::write_bytes(unsigned char const*, unsigned int, bool) ./libraries/OneWire/OneWire.o
Print::print(String const&)                       ../../ArduinoCore/Release/\libArduinoCore.a(Print.o)
Print::print(char const*)                         ../../ArduinoCore/Release/\libArduinoCore.a(Print.o)
                                                  ./main.o
                                                  ./libraries/SdFat/SdBaseFile.o
Print::print(char, int)                           ../../ArduinoCore/Release/\libArduinoCore.a(Print.o)
Print::print(double, int)                         ../../ArduinoCore/Release/\libArduinoCore.a(Print.o)
                                                  ./main.o
Print::print(int, int)                            ../../ArduinoCore/Release/\libArduinoCore.a(Print.o)
                                                  ./main.o
Print::print(long, int)                           ../../ArduinoCore/Release/\libArduinoCore.a(Print.o)
                                                  ./main.o
Print::print(unsigned char, int)                  ../../ArduinoCore/Release/\libArduinoCore.a(Print.o)
                                                  ./libraries/SdFat/SdBaseFile.o
Print::print(unsigned int, int)                   ../../ArduinoCore/Release/\libArduinoCore.a(Print.o)
                                                  ./libraries/SdFat/SdBaseFile.o
Print::print(unsigned long, int)                  ../../ArduinoCore/Release/\libArduinoCore.a(Print.o)
                                                  ./main.o
                                                  ./libraries/SdFat/SdBaseFile.o
Print::printFloat(double, unsigned char)          ../../ArduinoCore/Release/\libArduinoCore.a(Print.o)
Print::printNumber(unsigned long, unsigned char)  ../../ArduinoCore/Release/\libArduinoCore.a(Print.o)
Print::println()                                  ../../ArduinoCore/Release/\libArduinoCore.a(Print.o)
                                                  ./libraries/SdFat/SdFatUtil.o
                                                  ./libraries/SdFat/SdBaseFile.o
Print::println(String const&)                     ../../ArduinoCore/Release/\libArduinoCore.a(Print.o)
Print::println(char const*)                       ../../ArduinoCore/Release/\libArduinoCore.a(Print.o)
                                                  ./libraries/SdFat/SdFat.o
Print::println(char, int)                         ../../ArduinoCore/Release/\libArduinoCore.a(Print.o)
Print::println(double, int)                       ../../ArduinoCore/Release/\libArduinoCore.a(Print.o)
Print::println(int, int)                          ../../ArduinoCore/Release/\libArduinoCore.a(Print.o)
                                                  ./libraries/SdFat/SdFat.o
Print::println(long, int)                         ../../ArduinoCore/Release/\libArduinoCore.a(Print.o)
Print::println(unsigned char, int)                ../../ArduinoCore/Release/\libArduinoCore.a(Print.o)
Print::println(unsigned int, int)                 ../../ArduinoCore/Release/\libArduinoCore.a(Print.o)
Print::println(unsigned long, int)                ../../ArduinoCore/Release/\libArduinoCore.a(Print.o)
Print::write(char const*)                         ../../ArduinoCore/Release/\libArduinoCore.a(Print.o)
                                                  ../../ArduinoCore/Release/\libArduinoCore.a(HardwareSerial.o)
                                                  ./libraries/LiquidCrystal/LiquidCrystal.o
Print::write(unsigned char const*, unsigned int)  ../../ArduinoCore/Release/\libArduinoCore.a(Print.o)
                                                  ../../ArduinoCore/Release/\libArduinoCore.a(HardwareSerial.o)
                                                  ./libraries/LiquidCrystal/LiquidCrystal.o
                                                  ./libraries/SdFat/SdFile.o
Print::~Print()                                   ../../ArduinoCore/Release/\libArduinoCore.a(Print.o)
Print::~Print()                                   ../../ArduinoCore/Release/\libArduinoCore.a(Print.o)
Sd2Card::cardCommand(unsigned char, unsigned long) ./libraries/SdFat/Sd2Card.o
Sd2Card::cardSize()                               ./libraries/SdFat/Sd2Card.o
Sd2Card::chipSelectHigh()                         ./libraries/SdFat/Sd2Card.o
Sd2Card::chipSelectLow()                          ./libraries/SdFat/Sd2Card.o
Sd2Card::erase(unsigned long, unsigned long)      ./libraries/SdFat/Sd2Card.o
Sd2Card::eraseSingleBlockEnable()                 ./libraries/SdFat/Sd2Card.o
Sd2Card::init(unsigned char, unsigned char)       ./libraries/SdFat/Sd2Card.o
                                                  ./libraries/SdFat/SdFat.o
Sd2Card::readBlock(unsigned long, unsigned char*) ./libraries/SdFat/Sd2Card.o
                                                  ./libraries/SdFat/SdVolume.o
                                                  ./libraries/SdFat/SdBaseFile.o
Sd2Card::readData(unsigned char*)                 ./libraries/SdFat/Sd2Card.o
Sd2Card::readData(unsigned char*, unsigned int)   ./libraries/SdFat/Sd2Card.o
Sd2Card::readRegister(unsigned char, void*)       ./libraries/SdFat/Sd2Card.o
Sd2Card::readStart(unsigned long)                 ./libraries/SdFat/Sd2Card.o
Sd2Card::readStop()                               ./libraries/SdFat/Sd2Card.o
Sd2Card::setSckRate(unsigned char)                ./libraries/SdFat/Sd2Card.o
Sd2Card::waitNotBusy(unsigned int)                ./libraries/SdFat/Sd2Card.o
Sd2Card::writeBlock(unsigned long, unsigned char const*) ./libraries/SdFat/Sd2Card.o
                                                  ./libraries/SdFat/SdVolume.o
                                                  ./libraries/SdFat/SdBaseFile.o
Sd2Card::writeData(unsigned char const*)          ./libraries/SdFat/Sd2Card.o
Sd2Card::writeData(unsigned char, unsigned char const*) ./libraries/SdFat/Sd2Card.o
Sd2Card::writeStart(unsigned long, unsigned long) ./libraries/SdFat/Sd2Card.o
Sd2Card::writeStop()                              ./libraries/SdFat/Sd2Card.o
SdBaseFile::SdBaseFile(char const*, unsigned char) ./libraries/SdFat/SdBaseFile.o
SdBaseFile::SdBaseFile(char const*, unsigned char) ./libraries/SdFat/SdBaseFile.o
                                                  ./libraries/SdFat/SdFile.o
SdBaseFile::addCluster()                          ./libraries/SdFat/SdBaseFile.o
SdBaseFile::addDirCluster()                       ./libraries/SdFat/SdBaseFile.o
SdBaseFile::cacheDirEntry(unsigned char)          ./libraries/SdFat/SdBaseFile.o
SdBaseFile::close()                               ./libraries/SdFat/SdBaseFile.o
                                                  ./main.o
                                                  ./libraries/SdFat/SdStream.o
                                                  ./libraries/SdFat/SdFile.o
                                                  ./libraries/SdFat/SdFat.o
SdBaseFile::contiguousRange(unsigned long*, unsigned long*) ./libraries/SdFat/SdBaseFile.o
SdBaseFile::createContiguous(SdBaseFile*, char const*, unsigned long) ./libraries/SdFat/SdBaseFile.o
SdBaseFile::cwd_                                  ./libraries/SdFat/SdBaseFile.o
                                                  ./libraries/SdFat/SdFat.o
SdBaseFile::dateTime_                             ./libraries/SdFat/SdBaseFile.o
SdBaseFile::dirEntry(directoryEntry*)             ./libraries/SdFat/SdBaseFile.o
SdBaseFile::dirName(directoryEntry const&, char*) ./libraries/SdFat/SdBaseFile.o
SdBaseFile::exists(char const*)                   ./libraries/SdFat/SdBaseFile.o
                                                  ./libraries/SdFat/SdFat.o
SdBaseFile::fgets(char*, int, char*)              ./libraries/SdFat/SdBaseFile.o
SdBaseFile::getFilename(char*)                    ./libraries/SdFat/SdBaseFile.o
SdBaseFile::getpos(fpos_t*)                       ./libraries/SdFat/SdBaseFile.o
SdBaseFile::ls(Print*, unsigned char, unsigned char) ./libraries/SdFat/SdBaseFile.o
                                                  ./libraries/SdFat/SdFat.o
SdBaseFile::ls(unsigned char)                     ./libraries/SdFat/SdBaseFile.o
SdBaseFile::lsPrintNext(Print*, unsigned char, unsigned char) ./libraries/SdFat/SdBaseFile.o
SdBaseFile::make83Name(char const*, unsigned char*, char const**) ./libraries/SdFat/SdBaseFile.o
SdBaseFile::mkdir(SdBaseFile*, char const*, bool) ./libraries/SdFat/SdBaseFile.o
                                                  ./libraries/SdFat/SdFat.o
SdBaseFile::mkdir(SdBaseFile*, unsigned char const*) ./libraries/SdFat/SdBaseFile.o
SdBaseFile::oldDateTime_                          ./libraries/SdFat/SdBaseFile.o
SdBaseFile::open(SdBaseFile*, char const*, unsigned char) ./libraries/SdFat/SdBaseFile.o
                                                  ./libraries/SdFat/SdFat.o
SdBaseFile::open(SdBaseFile*, unsigned char const*, unsigned char) ./libraries/SdFat/SdBaseFile.o
SdBaseFile::open(SdBaseFile*, unsigned int, unsigned char) ./libraries/SdFat/SdBaseFile.o
SdBaseFile::open(char const*, unsigned char)      ./libraries/SdFat/SdBaseFile.o
                                                  ./main.o
                                                  ./libraries/SdFat/SdStream.o
                                                  ./libraries/SdFat/SdFat.o
SdBaseFile::openCachedEntry(unsigned char, unsigned char) ./libraries/SdFat/SdBaseFile.o
SdBaseFile::openNext(SdBaseFile*, unsigned char)  ./libraries/SdFat/SdBaseFile.o
SdBaseFile::openParent(SdBaseFile*)               ./libraries/SdFat/SdBaseFile.o
SdBaseFile::openRoot(SdVolume*)                   ./libraries/SdFat/SdBaseFile.o
                                                  ./libraries/SdFat/SdFat.o
SdBaseFile::peek()                                ./libraries/SdFat/SdBaseFile.o
SdBaseFile::printDirName(Print*, directoryEntry const&, unsigned char, bool) ./libraries/SdFat/SdBaseFile.o
SdBaseFile::printDirName(directoryEntry const&, unsigned char, bool) ./libraries/SdFat/SdBaseFile.o
SdBaseFile::printFatDate(Print*, unsigned int)    ./libraries/SdFat/SdBaseFile.o
SdBaseFile::printFatDate(unsigned int)            ./libraries/SdFat/SdBaseFile.o
SdBaseFile::printFatTime(Print*, unsigned int)    ./libraries/SdFat/SdBaseFile.o
SdBaseFile::printFatTime(unsigned int)            ./libraries/SdFat/SdBaseFile.o
SdBaseFile::printName()                           ./libraries/SdFat/SdBaseFile.o
SdBaseFile::read()                                ./libraries/SdFat/SdBaseFile.o
SdBaseFile::read(void*, unsigned int)             ./libraries/SdFat/SdBaseFile.o
                                                  ./libraries/SdFat/SdStream.o
SdBaseFile::readDir(directoryEntry*)              ./libraries/SdFat/SdBaseFile.o
SdBaseFile::readDirCache()                        ./libraries/SdFat/SdBaseFile.o
SdBaseFile::remove()                              ./libraries/SdFat/SdBaseFile.o
SdBaseFile::remove(SdBaseFile*, char const*)      ./libraries/SdFat/SdBaseFile.o
                                                  ./libraries/SdFat/SdFat.o
SdBaseFile::rename(SdBaseFile*, char const*)      ./libraries/SdFat/SdBaseFile.o
                                                  ./libraries/SdFat/SdFat.o
SdBaseFile::rmRfStar()                            ./libraries/SdFat/SdBaseFile.o
SdBaseFile::rmdir()                               ./libraries/SdFat/SdBaseFile.o
                                                  ./libraries/SdFat/SdFat.o
SdBaseFile::seekSet(unsigned long)                ./libraries/SdFat/SdBaseFile.o
                                                  ./libraries/SdFat/SdStream.o
SdBaseFile::setpos(fpos_t*)                       ./libraries/SdFat/SdBaseFile.o
SdBaseFile::sync()                                ./libraries/SdFat/SdBaseFile.o
SdBaseFile::timestamp(SdBaseFile*)                ./libraries/SdFat/SdBaseFile.o
SdBaseFile::timestamp(unsigned char, unsigned int, unsigned char, unsigned char, unsigned char, unsigned char, unsigned char) ./libraries/SdFat/SdBaseFile.o
SdBaseFile::truncate(unsigned long)               ./libraries/SdFat/SdBaseFile.o
                                                  ./libraries/SdFat/SdFat.o
SdBaseFile::write(void const*, unsigned int)      ./libraries/SdFat/SdBaseFile.o
                                                  ./libraries/SdFat/SdStream.o
                                                  ./libraries/SdFat/SdFile.o
SdBaseFile::~SdBaseFile()                         ./libraries/SdFat/SdBaseFile.o
SdFat::chdir(bool)                                ./libraries/SdFat/SdFat.o
SdFat::chdir(char const*, bool)                   ./libraries/SdFat/SdFat.o
SdFat::chvol()                                    ./libraries/SdFat/SdFat.o
SdFat::errorHalt()                                ./libraries/SdFat/SdFat.o
SdFat::errorHalt(char const*)                     ./libraries/SdFat/SdFat.o
SdFat::errorHalt_P(char const*)                   ./libraries/SdFat/SdFat.o
SdFat::errorPrint()                               ./libraries/SdFat/SdFat.o
SdFat::errorPrint(char const*)                    ./libraries/SdFat/SdFat.o
SdFat::errorPrint_P(char const*)                  ./libraries/SdFat/SdFat.o
SdFat::exists(char const*)                        ./libraries/SdFat/SdFat.o
                                                  ./main.o
SdFat::init(unsigned char, unsigned char)         ./libraries/SdFat/SdFat.o
                                                  ./main.o
SdFat::initErrorHalt()                            ./libraries/SdFat/SdFat.o
SdFat::initErrorHalt(char const*)                 ./libraries/SdFat/SdFat.o
SdFat::initErrorHalt_P(char const*)               ./libraries/SdFat/SdFat.o
SdFat::initErrorPrint()                           ./libraries/SdFat/SdFat.o
SdFat::initErrorPrint(char const*)                ./libraries/SdFat/SdFat.o
SdFat::initErrorPrint_P(char const*)              ./libraries/SdFat/SdFat.o
SdFat::ls(Print*, unsigned char)                  ./libraries/SdFat/SdFat.o
SdFat::ls(unsigned char)                          ./libraries/SdFat/SdFat.o
SdFat::mkdir(char const*, bool)                   ./libraries/SdFat/SdFat.o
SdFat::remove(char const*)                        ./libraries/SdFat/SdFat.o
SdFat::rename(char const*, char const*)           ./libraries/SdFat/SdFat.o
SdFat::rmdir(char const*)                         ./libraries/SdFat/SdFat.o
SdFat::truncate(char const*, unsigned long)       ./libraries/SdFat/SdFat.o
SdFatUtil::FreeRam()                              ./libraries/SdFat/SdFatUtil.o
SdFatUtil::SerialPrint_P(char const*)             ./libraries/SdFat/SdFatUtil.o
                                                  ./libraries/SdFat/SdFat.o
SdFatUtil::SerialPrintln_P(char const*)           ./libraries/SdFat/SdFatUtil.o
                                                  ./libraries/SdFat/SdFat.o
SdFatUtil::print_P(Print*, char const*)           ./libraries/SdFat/SdFatUtil.o
SdFatUtil::println_P(Print*, char const*)         ./libraries/SdFat/SdFatUtil.o
SdFile::SdFile(char const*, unsigned char)        ./libraries/SdFat/SdFile.o
SdFile::SdFile(char const*, unsigned char)        ./libraries/SdFat/SdFile.o
SdFile::write(char const*)                        ./libraries/SdFat/SdFile.o
SdFile::write(unsigned char)                      ./libraries/SdFat/SdFile.o
SdFile::write(void const*, unsigned int)          ./libraries/SdFat/SdFile.o
                                                  ./libraries/BufferedWriter/BufferedWriter.o
SdFile::write_P(char const*)                      ./libraries/SdFat/SdFile.o
SdFile::writeln_P(char const*)                    ./libraries/SdFat/SdFile.o
SdFile::~SdFile()                                 ./libraries/SdFat/SdFile.o
SdFile::~SdFile()                                 ./libraries/SdFat/SdFile.o
SdStreamBase::getch()                             ./libraries/SdFat/SdStream.o
SdStreamBase::open(char const*, unsigned char)    ./libraries/SdFat/SdStream.o
SdStreamBase::putch(char)                         ./libraries/SdFat/SdStream.o
SdStreamBase::putstr(char const*)                 ./libraries/SdFat/SdStream.o
SdStreamBase::seekoff(long, ios_base::seekdir)    ./libraries/SdFat/SdStream.o
SdStreamBase::seekpos(unsigned long)              ./libraries/SdFat/SdStream.o
SdStreamBase::write(char)                         ./libraries/SdFat/SdStream.o
SdStreamBase::write(void const*, unsigned int)    ./libraries/SdFat/SdStream.o
SdVolume::allocContiguous(unsigned long, unsigned long*) ./libraries/SdFat/SdVolume.o
                                                  ./libraries/SdFat/SdBaseFile.o
SdVolume::cacheBlockNumber_                       ./libraries/SdFat/SdVolume.o
                                                  ./libraries/SdFat/SdBaseFile.o
SdVolume::cacheBuffer_                            ./libraries/SdFat/SdVolume.o
                                                  ./libraries/SdFat/SdBaseFile.o
SdVolume::cacheDirty_                             ./libraries/SdFat/SdVolume.o
                                                  ./libraries/SdFat/SdBaseFile.o
SdVolume::cacheFlush()                            ./libraries/SdFat/SdVolume.o
                                                  ./libraries/SdFat/SdBaseFile.o
SdVolume::cacheMirrorBlock_                       ./libraries/SdFat/SdVolume.o
SdVolume::cacheRawBlock(unsigned long, bool)      ./libraries/SdFat/SdVolume.o
                                                  ./libraries/SdFat/SdBaseFile.o
SdVolume::chainSize(unsigned long, unsigned long*) ./libraries/SdFat/SdVolume.o
                                                  ./libraries/SdFat/SdBaseFile.o
SdVolume::fatGet(unsigned long, unsigned long*)   ./libraries/SdFat/SdVolume.o
                                                  ./libraries/SdFat/SdBaseFile.o
SdVolume::fatPut(unsigned long, unsigned long)    ./libraries/SdFat/SdVolume.o
                                                  ./libraries/SdFat/SdBaseFile.o